Component: ARM Compiler 5.06 update 5 (build 528) Tool: armlink [4d35e2]

==============================================================================

Section Cross References

    ece_spi.o(i.SPI_readBytes) refers to ece_spi.o(i.SPI_select) for SPI_select
    ece_spi.o(i.SPI_readBytes) refers to ece_spi.o(i.SPI_xfer) for SPI_xfer
    ece_spi.o(i.SPI_readBytes) refers to ece_spi.o(i.SPI_deselect) for SPI_deselect
    ece_spi.o(i.SPI_readRegister) refers to ece_spi.o(i.SPI_select) for SPI_select
    ece_spi.o(i.SPI_readRegister) refers to ece_spi.o(i.SPI_xfer) for SPI_xfer
    ece_spi.o(i.SPI_readRegister) refers to ece_spi.o(i.SPI_deselect) for SPI_deselect
    ece_spi.o(i.SPI_writeRegister) refers to ece_spi.o(i.SPI_select) for SPI_select
    ece_spi.o(i.SPI_writeRegister) refers to ece_spi.o(i.SPI_xfer) for SPI_xfer
    ece_spi.o(i.SPI_writeRegister) refers to ece_spi.o(i.SPI_deselect) for SPI_deselect
    led.o(i.LED_clear) refers to led.o(.constdata) for led_pos
    led.o(i.LED_display) refers to led.o(i.LED_set) for LED_set
    led.o(i.LED_display) refers to led.o(i.LED_clear) for LED_clear
    led.o(i.LED_set) refers to led.o(.constdata) for led_pos
    mpu9250.o(i.DelayMilliseconds) refers to mpu9250.o(i.DelayOneMillisecond) for DelayOneMillisecond
    mpu9250.o(i.MPU9250_AK8963_whoami) refers to mpu9250.o(i.MPU9250_WriteReg) for MPU9250_WriteReg
    mpu9250.o(i.MPU9250_AK8963_whoami) refers to mpu9250.o(i.DelayOneMillisecond) for DelayOneMillisecond
    mpu9250.o(i.MPU9250_ReadReg) refers to mpu9250.o(i.MPU9250_WriteReg) for MPU9250_WriteReg
    mpu9250.o(i.MPU9250_ReadRegs) refers to ece_spi.o(i.SPI_select) for SPI_select
    mpu9250.o(i.MPU9250_ReadRegs) refers to ece_spi.o(i.SPI_xfer) for SPI_xfer
    mpu9250.o(i.MPU9250_ReadRegs) refers to ece_spi.o(i.SPI_deselect) for SPI_deselect
    mpu9250.o(i.MPU9250_WriteReg) refers to ece_spi.o(i.SPI_select) for SPI_select
    mpu9250.o(i.MPU9250_WriteReg) refers to ece_spi.o(i.SPI_xfer) for SPI_xfer
    mpu9250.o(i.MPU9250_WriteReg) refers to ece_spi.o(i.SPI_deselect) for SPI_deselect
    mpu9250.o(i.MPU9250_calib_acc) refers to mpu9250.o(i.MPU9250_WriteReg) for MPU9250_WriteReg
    mpu9250.o(i.MPU9250_calib_acc) refers to mpu9250.o(i.MPU9250_set_acc_scale) for MPU9250_set_acc_scale
    mpu9250.o(i.MPU9250_calib_acc) refers to mpu9250.o(i.MPU9250_ReadRegs) for MPU9250_ReadRegs
    mpu9250.o(i.MPU9250_calib_acc) refers to mpu9250.o(.bss) for calib_data
    mpu9250.o(i.MPU9250_calib_mag) refers to mpu9250.o(i.MPU9250_WriteReg) for MPU9250_WriteReg
    mpu9250.o(i.MPU9250_calib_mag) refers to mpu9250.o(i.DelayMilliseconds) for DelayMilliseconds
    mpu9250.o(i.MPU9250_calib_mag) refers to mpu9250.o(i.MPU9250_ReadRegs) for MPU9250_ReadRegs
    mpu9250.o(i.MPU9250_calib_mag) refers to ffltui.o(.text) for __aeabi_ui2f
    mpu9250.o(i.MPU9250_calib_mag) refers to fadd.o(.text) for __aeabi_fsub
    mpu9250.o(i.MPU9250_calib_mag) refers to fdiv.o(.text) for __aeabi_fdiv
    mpu9250.o(i.MPU9250_calib_mag) refers to fmul.o(.text) for __aeabi_fmul
    mpu9250.o(i.MPU9250_calib_mag) refers to mpu9250.o(.bss) for Magnetometer_ASA
    mpu9250.o(i.MPU9250_calibrate) refers to mpu9250.o(i.MPU9250_WriteReg) for MPU9250_WriteReg
    mpu9250.o(i.MPU9250_calibrate) refers to mpu9250.o(i.DelayMilliseconds) for DelayMilliseconds
    mpu9250.o(i.MPU9250_calibrate) refers to mpu9250.o(i.MPU9250_ReadRegs) for MPU9250_ReadRegs
    mpu9250.o(i.MPU9250_calibrate) refers to ffltui.o(.text) for __aeabi_ui2f
    mpu9250.o(i.MPU9250_calibrate) refers to fflti.o(.text) for __aeabi_i2f
    mpu9250.o(i.MPU9250_calibrate) refers to fdiv.o(.text) for __aeabi_fdiv
    mpu9250.o(i.MPU9250_get_CNTL1) refers to mpu9250.o(i.MPU9250_WriteReg) for MPU9250_WriteReg
    mpu9250.o(i.MPU9250_init) refers to memcpya.o(.text) for __aeabi_memcpy4
    mpu9250.o(i.MPU9250_init) refers to ece_spi.o(i.SPI_setup) for SPI_setup
    mpu9250.o(i.MPU9250_init) refers to mpu9250.o(i.MPU9250_calibrate) for MPU9250_calibrate
    mpu9250.o(i.MPU9250_init) refers to mpu9250.o(i.MPU9250_WriteReg) for MPU9250_WriteReg
    mpu9250.o(i.MPU9250_init) refers to mpu9250.o(i.DelayMilliseconds) for DelayMilliseconds
    mpu9250.o(i.MPU9250_init) refers to mpu9250.o(i.MPU9250_set_acc_scale) for MPU9250_set_acc_scale
    mpu9250.o(i.MPU9250_init) refers to mpu9250.o(i.MPU9250_set_gyro_scale) for MPU9250_set_gyro_scale
    mpu9250.o(i.MPU9250_init) refers to mpu9250.o(i.MPU9250_calib_mag) for MPU9250_calib_mag
    mpu9250.o(i.MPU9250_init) refers to mpu9250.o(.constdata) for .constdata
    mpu9250.o(i.MPU9250_init) refers to mpu9250.o(.bss) for a_bias
    mpu9250.o(i.MPU9250_read_acc) refers to mpu9250.o(i.MPU9250_ReadRegs) for MPU9250_ReadRegs
    mpu9250.o(i.MPU9250_read_acc) refers to fflti.o(.text) for __aeabi_i2f
    mpu9250.o(i.MPU9250_read_acc) refers to fdiv.o(.text) for __aeabi_fdiv
    mpu9250.o(i.MPU9250_read_acc) refers to fadd.o(.text) for __aeabi_fsub
[...]
    i.fputc                                  0x00002d70   Section        0  retarget.o(i.fputc)
    i.getFrequency                           0x00002d80   Section        0  uart.o(i.getFrequency)
    i.invSqrt                                0x00002dc8   Section        0  sensor_fusion.o(i.invSqrt)
    i.isrRtxMessageQueueGet                  0x00002e38   Section        0  rtx_msgqueue.o(i.isrRtxMessageQueueGet)
    isrRtxMessageQueueGet                    0x00002e39   Thumb Code   150  rtx_msgqueue.o(i.isrRtxMessageQueueGet)
    i.isrRtxMessageQueuePut                  0x00002ece   Section        0  rtx_msgqueue.o(i.isrRtxMessageQueuePut)
    isrRtxMessageQueuePut                    0x00002ecf   Thumb Code   158  rtx_msgqueue.o(i.isrRtxMessageQueuePut)
    i.isr_queue_get                          0x00002f6c   Section        0  rtx_system.o(i.isr_queue_get)
    isr_queue_get                            0x00002f6d   Thumb Code    46  rtx_system.o(i.isr_queue_get)
    i.isr_queue_put                          0x00002fa0   Section        0  rtx_system.o(i.isr_queue_put)
    isr_queue_put                            0x00002fa1   Thumb Code    56  rtx_system.o(i.isr_queue_put)
    i.main                                   0x00002fdc   Section        0  main.o(i.main)
    i.osKernelInitialize                     0x00003060   Section        0  rtx_kernel.o(i.osKernelInitialize)
    i.osKernelStart                          0x00003094   Section        0  rtx_kernel.o(i.osKernelStart)
    i.osMessageQueueGet                      0x000030c8   Section        0  rtx_msgqueue.o(i.osMessageQueueGet)
    i.osMessageQueueNew                      0x0000311c   Section        0  rtx_msgqueue.o(i.osMessageQueueNew)
    i.osMessageQueuePut                      0x00003168   Section        0  rtx_msgqueue.o(i.osMessageQueuePut)
    i.osMutexAcquire                         0x000031bc   Section        0  rtx_mutex.o(i.osMutexAcquire)
    i.osMutexNew                             0x00003200   Section        0  rtx_mutex.o(i.osMutexNew)
    i.osMutexRelease                         0x0000323c   Section        0  rtx_mutex.o(i.osMutexRelease)
    i.osRtxErrorNotify                       0x00003278   Section        0  rtx_config.o(i.osRtxErrorNotify)
    i.osRtxIdleThread                        0x00003298   Section        0  rtx_config.o(i.osRtxIdleThread)
    i.osRtxKernelGetState                    0x0000329c   Section        0  rtx_thread.o(i.osRtxKernelGetState)
    osRtxKernelGetState                      0x0000329d   Thumb Code     6  rtx_thread.o(i.osRtxKernelGetState)
    i.osRtxMemoryAlloc                       0x000032a8   Section        0  rtx_memory.o(i.osRtxMemoryAlloc)
    i.osRtxMemoryFree                        0x00003396   Section        0  rtx_memory.o(i.osRtxMemoryFree)
    i.osRtxMemoryInit                        0x00003412   Section        0  rtx_memory.o(i.osRtxMemoryInit)
    i.osRtxMemoryPoolAlloc                   0x0000347c   Section        0  rtx_mempool.o(i.osRtxMemoryPoolAlloc)
    i.osRtxMemoryPoolFree                    0x000034b6   Section        0  rtx_mempool.o(i.osRtxMemoryPoolFree)
    i.osRtxMemoryPoolInit                    0x00003504   Section        0  rtx_mempool.o(i.osRtxMemoryPoolInit)
    i.osRtxMessageQueuePostProcess           0x0000355c   Section        0  rtx_msgqueue.o(i.osRtxMessageQueuePostProcess)
    osRtxMessageQueuePostProcess             0x0000355d   Thumb Code   296  rtx_msgqueue.o(i.osRtxMessageQueuePostProcess)
    i.osRtxMutexOwnerRelease                 0x00003684   Section        0  rtx_mutex.o(i.osRtxMutexOwnerRelease)
    i.osRtxPendSV_Handler                    0x000036e4   Section        0  rtx_system.o(i.osRtxPendSV_Handler)
    i.osRtxPostProcess                       0x00003768   Section        0  rtx_system.o(i.osRtxPostProcess)
    i.osRtxThreadBlock                       0x000037a4   Section        0  rtx_thread.o(i.osRtxThreadBlock)
    osRtxThreadBlock                         0x000037a5   Thumb Code    58  rtx_thread.o(i.osRtxThreadBlock)
    i.osRtxThreadDelayInsert                 0x000037e4   Section        0  rtx_thread.o(i.osRtxThreadDelayInsert)
    osRtxThreadDelayInsert                   0x000037e5   Thumb Code    98  rtx_thread.o(i.osRtxThreadDelayInsert)
    i.osRtxThreadDelayRemove                 0x0000384c   Section        0  rtx_thread.o(i.osRtxThreadDelayRemove)
    osRtxThreadDelayRemove                   0x0000384d   Thumb Code   110  rtx_thread.o(i.osRtxThreadDelayRemove)
    i.osRtxThreadDelayTick                   0x000038c0   Section        0  rtx_thread.o(i.osRtxThreadDelayTick)
    i.osRtxThreadDispatch                    0x0000399c   Section        0  rtx_thread.o(i.osRtxThreadDispatch)
    i.osRtxThreadFree                        0x00003a0c   Section        0  rtx_thread.o(i.osRtxThreadFree)
    osRtxThreadFree                          0x00003a0d   Thumb Code    92  rtx_thread.o(i.osRtxThreadFree)
    i.osRtxThreadGetRunning                  0x00003a6c   Section        0  rtx_thread.o(i.osRtxThreadGetRunning)
    osRtxThreadGetRunning                    0x00003a6d   Thumb Code     6  rtx_thread.o(i.osRtxThreadGetRunning)
    i.osRtxThreadListGet                     0x00003a78   Section        0  rtx_thread.o(i.osRtxThreadListGet)
    i.osRtxThreadListPut                     0x00003a94   Section        0  rtx_thread.o(i.osRtxThreadListPut)
    i.osRtxThreadListRemove                  0x00003ac6   Section        0  rtx_thread.o(i.osRtxThreadListRemove)
    i.osRtxThreadListRoot                    0x00003ae0   Section        0  rtx_thread.o(i.osRtxThreadListRoot)
    osRtxThreadListRoot                      0x00003ae1   Thumb Code    18  rtx_thread.o(i.osRtxThreadListRoot)
    i.osRtxThreadListSort                    0x00003af2   Section        0  rtx_thread.o(i.osRtxThreadListSort)
    i.osRtxThreadPostProcess                 0x00003b1c   Section        0  rtx_thread.o(i.osRtxThreadPostProcess)
    osRtxThreadPostProcess                   0x00003b1d   Thumb Code    64  rtx_thread.o(i.osRtxThreadPostProcess)
    i.osRtxThreadReadyPut                    0x00003b5c   Section        0  rtx_thread.o(i.osRtxThreadReadyPut)
    i.osRtxThreadRegPtr                      0x00003b74   Section        0  rtx_thread.o(i.osRtxThreadRegPtr)
    i.osRtxThreadSetRunning                  0x00003b84   Section        0  rtx_thread.o(i.osRtxThreadSetRunning)
    osRtxThreadSetRunning                    0x00003b85   Thumb Code     6  rtx_thread.o(i.osRtxThreadSetRunning)
    i.osRtxThreadStackCheck                  0x00003b90   Section        0  rtx_thread.o(i.osRtxThreadStackCheck)
    i.osRtxThreadStartup                     0x00003bbc   Section        0  rtx_thread.o(i.osRtxThreadStartup)
    i.osRtxThreadSwitch                      0x00003c1c   Section        0  rtx_thread.o(i.osRtxThreadSwitch)
    i.osRtxThreadWaitEnter                   0x00003c38   Section        0  rtx_thread.o(i.osRtxThreadWaitEnter)
    i.osRtxThreadWaitExit                    0x00003c8c   Section        0  rtx_thread.o(i.osRtxThreadWaitExit)
    i.osRtxTick_Handler                      0x00003cc4   Section        0  rtx_system.o(i.osRtxTick_Handler)
    i.osRtxTimerThread                       0x00003d64   Section        0  rtx_timer.o(i.osRtxTimerThread)
    i.osRtxTimerTick                         0x00003dbc   Section        0  rtx_timer.o(i.osRtxTimerTick)
    osRtxTimerTick                           0x00003dbd   Thumb Code    88  rtx_timer.o(i.osRtxTimerTick)
    i.osThreadExit                           0x00003e18   Section        0  rtx_thread.o(i.osThreadExit)
    i.osThreadNew                            0x00003e38   Section        0  rtx_thread.o(i.osThreadNew)
    i.osThreadYield                          0x00003e84   Section        0  rtx_thread.o(i.osThreadYield)
    i.readIMU                                0x00003ebc   Section        0  main.o(i.readIMU)
    i.sendData                               0x00003ee8   Section        0  main.o(i.sendData)
    i.sendchar                               0x00003f60   Section        0  retarget.o(i.sendchar)
    i.sensorFusion                           0x00003fa4   Section        0  main.o(i.sensorFusion)
    i.sensor_fusion_begin                    0x00004024   Section        0  sensor_fusion.o(i.sensor_fusion_begin)
    i.sensor_fusion_getPitch                 0x0000403c   Section        0  sensor_fusion.o(i.sensor_fusion_getPitch)
    i.sensor_fusion_getRoll                  0x00004060   Section        0  sensor_fusion.o(i.sensor_fusion_getRoll)
    i.sensor_fusion_getYaw                   0x00004084   Section        0  sensor_fusion.o(i.sensor_fusion_getYaw)
    i.sensor_fusion_init                     0x000040b4   Section        0  sensor_fusion.o(i.sensor_fusion_init)
    i.sensor_fusion_update                   0x00004120   Section        0  sensor_fusion.o(i.sensor_fusion_update)
    i.sensor_fusion_updateIMU                0x00004880   Section        0  sensor_fusion.o(i.sensor_fusion_updateIMU)
    i.sqrtf                                  0x00004ce8   Section        0  sqrtf.o(i.sqrtf)
    i.svcRtxKernelInitialize                 0x00004d14   Section        0  rtx_kernel.o(i.svcRtxKernelInitialize)
    svcRtxKernelInitialize                   0x00004d15   Thumb Code   602  rtx_kernel.o(i.svcRtxKernelInitialize)
    i.svcRtxKernelStart                      0x00004f78   Section        0  rtx_kernel.o(i.svcRtxKernelStart)
    svcRtxKernelStart                        0x00004f79   Thumb Code   216  rtx_kernel.o(i.svcRtxKernelStart)
    i.svcRtxMessageQueueGet                  0x00005060   Section        0  rtx_msgqueue.o(i.svcRtxMessageQueueGet)
    svcRtxMessageQueueGet                    0x00005061   Thumb Code   340  rtx_msgqueue.o(i.svcRtxMessageQueueGet)
    i.svcRtxMessageQueueNew                  0x000051b8   Section        0  rtx_msgqueue.o(i.svcRtxMessageQueueNew)
    svcRtxMessageQueueNew                    0x000051b9   Thumb Code   400  rtx_msgqueue.o(i.svcRtxMessageQueueNew)
    i.svcRtxMessageQueuePut                  0x00005350   Section        0  rtx_msgqueue.o(i.svcRtxMessageQueuePut)
    svcRtxMessageQueuePut                    0x00005351   Thumb Code   316  rtx_msgqueue.o(i.svcRtxMessageQueuePut)
    i.svcRtxMutexAcquire                     0x00005490   Section        0  rtx_mutex.o(i.svcRtxMutexAcquire)
    svcRtxMutexAcquire                       0x00005491   Thumb Code   284  rtx_mutex.o(i.svcRtxMutexAcquire)
    i.svcRtxMutexNew                         0x000055b0   Section        0  rtx_mutex.o(i.svcRtxMutexNew)
    svcRtxMutexNew                           0x000055b1   Thumb Code   172  rtx_mutex.o(i.svcRtxMutexNew)
    i.svcRtxMutexRelease                     0x00005660   Section        0  rtx_mutex.o(i.svcRtxMutexRelease)
    svcRtxMutexRelease                       0x00005661   Thumb Code   280  rtx_mutex.o(i.svcRtxMutexRelease)
    i.svcRtxThreadExit                       0x0000577c   Section        0  rtx_thread.o(i.svcRtxThreadExit)
    svcRtxThreadExit                         0x0000577d   Thumb Code   142  rtx_thread.o(i.svcRtxThreadExit)
    i.svcRtxThreadNew                        0x00005810   Section        0  rtx_thread.o(i.svcRtxThreadNew)
    svcRtxThreadNew                          0x00005811   Thumb Code   608  rtx_thread.o(i.svcRtxThreadNew)
    i.svcRtxThreadYield                      0x00005a84   Section        0  rtx_thread.o(i.svcRtxThreadYield)
    svcRtxThreadYield                        0x00005a85   Thumb Code    66  rtx_thread.o(i.svcRtxThreadYield)
    .constdata                               0x00005acc   Section        8  led.o(.constdata)
    .constdata                               0x00005ad4   Section       34  mpu9250.o(.constdata)
    .constdata                               0x00005af8   Section      100  rtx_lib.o(.constdata)
    os_idle_thread_attr                      0x00005af8   Data          36  rtx_lib.o(.constdata)
    os_timer_thread_attr                     0x00005b1c   Data          36  rtx_lib.o(.constdata)
    os_timer_mq_attr                         0x00005b40   Data          24  rtx_lib.o(.constdata)
    .conststrlit                             0x00005b5c   Section       11  rtx_kernel.o(.conststrlit)
    .rodata                                  0x00005b68   Section      104  rtx_lib.o(.rodata)
    __tagsym$$used                           0x00005b68   Number         0  rtx_lib.o(.rodata)
    .bss.os                                  0x10000000   Section     4160  rtx_lib.o(.bss.os)
    os_mem                                   0x10000000   Data        4096  rtx_lib.o(.bss.os)
    os_isr_queue                             0x10001000   Data          64  rtx_lib.o(.bss.os)
    .bss.os.msgqueue.cb                      0x10001040   Section       52  rtx_lib.o(.bss.os.msgqueue.cb)
    os_timer_mq_cb                           0x10001040   Data          52  rtx_lib.o(.bss.os.msgqueue.cb)
    .bss.os.msgqueue.mem                     0x10001074   Section       80  rtx_lib.o(.bss.os.msgqueue.mem)
    os_timer_mq_data                         0x10001074   Data          80  rtx_lib.o(.bss.os.msgqueue.mem)
    .bss.os.thread.cb                        0x100010c4   Section      136  rtx_lib.o(.bss.os.thread.cb)
    os_idle_thread_cb                        0x100010c4   Data          68  rtx_lib.o(.bss.os.thread.cb)
    os_timer_thread_cb                       0x10001108   Data          68  rtx_lib.o(.bss.os.thread.cb)
    .bss.os.thread.stack                     0x10001150   Section      512  rtx_lib.o(.bss.os.thread.stack)
    os_idle_thread_stack                     0x10001150   Data         256  rtx_lib.o(.bss.os.thread.stack)
    os_timer_thread_stack                    0x10001250   Data         256  rtx_lib.o(.bss.os.thread.stack)
    .data                                    0x10001350   Section       20  mpu9250.o(.data)
    .data                                    0x10001364   Section       12  retarget.o(.data)
    .data                                    0x10001370   Section       53  sensor_fusion.o(.data)
    .data                                    0x100013a8   Section       32  uart.o(.data)
    .data                                    0x100013c8   Section        8  main.o(.data)
    .data                                    0x100013d0   Section        1  os_systick.o(.data)
    PendST                                   0x100013d0   Data           1  os_systick.o(.data)
    .data                                    0x100013d4   Section        4  system_lpc17xx.o(.data)
    .data                                    0x100013d8   Section        4  errno.o(.data)
    _errno                                   0x100013d8   Data           4  errno.o(.data)
    .data.os                                 0x100013dc   Section      164  rtx_kernel.o(.data.os)
    .bss                                     0x10001480   Section       84  mpu9250.o(.bss)
    .bss                                     0x100014d4   Section      128  uart.o(.bss)
    STACK                                    0x10001558   Section     8192  startup_lpc17xx.o(STACK)

    Global Symbols

    Symbol Name                              Value     Ov Type        Size  Object(Section)

    BuildAttributes$$THM_ISAv4$P$D$K$B$S$PE$A:L22UL41UL21$X:L11$S22US41US21$IEEE1$IW$USESV6$~STKCKD$USESV7$~SHL$OTIME$ROPI$IEEEX$EBA8$MICROLIB$REQ8$PRES8$EABIv2 0x00000000   Number         0  anon$$obj.o ABSOLUTE
    __ARM_use_no_argv                        0x00000000   Number         0  main.o ABSOLUTE
    __Vectors                                0x00000000   Data           4  startup_lpc17xx.o(RESET)
    _printf_a                                0x00000000   Number         0  stubs.o ABSOLUTE
    _printf_c                                0x00000000   Number         0  stubs.o ABSOLUTE
    _printf_charcount                        0x00000000   Number         0  stubs.o ABSOLUTE
    _printf_d                                0x00000000   Number         0  stubs.o ABSOLUTE
    _printf_e                                0x00000000   Number         0  stubs.o ABSOLUTE
    _printf_f                                0x00000000   Number         0  stubs.o ABSOLUTE
    _printf_flags                            0x00000000   Number         0  stubs.o ABSOLUTE
    _printf_fp_dec                           0x00000000   Number         0  stubs.o ABSOLUTE
    _printf_fp_hex                           0x00000000   Number         0  stubs.o ABSOLUTE
    _printf_g                                0x00000000   Number         0  stubs.o ABSOLUTE
    _printf_i                                0x00000000   Number         0  stubs.o ABSOLUTE
    _printf_int_dec                          0x00000000   Number         0  stubs.o ABSOLUTE
    _printf_l                                0x00000000   Number         0  stubs.o ABSOLUTE
    _printf_lc                               0x00000000   Number         0  stubs.o ABSOLUTE
    _printf_ll                               0x00000000   Number         0  stubs.o ABSOLUTE
    _printf_lld                              0x00000000   Number         0  stubs.o ABSOLUTE
    _printf_lli                              0x00000000   Number         0  stubs.o ABSOLUTE
    _printf_llo                              0x00000000   Number         0  stubs.o ABSOLUTE
    _printf_llu                              0x00000000   Number         0  stubs.o ABSOLUTE
    _printf_llx                              0x00000000   Number         0  stubs.o ABSOLUTE
    _printf_longlong_dec                     0x00000000   Number         0  stubs.o ABSOLUTE
    _printf_longlong_hex                     0x00000000   Number         0  stubs.o ABSOLUTE
    _printf_longlong_oct                     0x00000000   Number         0  stubs.o ABSOLUTE
    _printf_ls                               0x00000000   Number         0  stubs.o ABSOLUTE
    _printf_mbtowc                           0x00000000   Number         0  stubs.o ABSOLUTE
    _printf_n                                0x00000000   Number         0  stubs.o ABSOLUTE
    _printf_o                                0x00000000   Number         0  stubs.o ABSOLUTE
    _printf_p                                0x00000000   Number         0  stubs.o ABSOLUTE
    _printf_percent                          0x00000000   Number         0  stubs.o ABSOLUTE
    _printf_pre_padding                      0x00000000   Number         0  stubs.o ABSOLUTE
    _printf_return_value                     0x00000000   Number         0  stubs.o ABSOLUTE
    _printf_s                                0x00000000   Number         0  stubs.o ABSOLUTE
    _printf_sizespec                         0x00000000   Number         0  stubs.o ABSOLUTE
    _printf_str                              0x00000000   Number         0  stubs.o ABSOLUTE
    _printf_truncate_signed                  0x00000000   Number         0  stubs.o ABSOLUTE
    _printf_truncate_unsigned                0x00000000   Number         0  stubs.o ABSOLUTE
    _printf_u                                0x00000000   Number         0  stubs.o ABSOLUTE
    _printf_wc                               0x00000000   Number         0  stubs.o ABSOLUTE
    _printf_wctomb                           0x00000000   Number         0  stubs.o ABSOLUTE
    _printf_widthprec                        0x00000000   Number         0  stubs.o ABSOLUTE
    _printf_x                                0x00000000   Number         0  stubs.o ABSOLUTE
    .bss.os.evflags.cb$$Base                  - Undefined Weak Reference
    .bss.os.evflags.cb$$Limit                 - Undefined Weak Reference
    .bss.os.mempool.cb$$Base                  - Undefined Weak Reference
    .bss.os.mempool.cb$$Limit                 - Undefined Weak Reference
    .bss.os.mutex.cb$$Base                    - Undefined Weak Reference
    .bss.os.mutex.cb$$Limit                   - Undefined Weak Reference
    .bss.os.semaphore.cb$$Base                - Undefined Weak Reference
    .bss.os.semaphore.cb$$Limit               - Undefined Weak Reference
    .bss.os.timer.cb$$Base                    - Undefined Weak Reference
    .bss.os.timer.cb$$Limit                   - Undefined Weak Reference
    __cpp_initialize__aeabi_                  - Undefined Weak Reference
    __cxa_finalize                            - Undefined Weak Reference
    _clock_init                               - Undefined Weak Reference
    _microlib_exit                            - Undefined Weak Reference
    __main                                   0x000000cd   Thumb Code     0  entry.o(.ARM.Collect$$$$00000000)
    _main_stk                                0x000000cd   Thumb Code     0  entry2.o(.ARM.Collect$$$$00000001)
    _main_scatterload                        0x000000d1   Thumb Code     0  entry5.o(.ARM.Collect$$$$00000004)
    __main_after_scatterload                 0x000000d5   Thumb Code     0  entry5.o(.ARM.Collect$$$$00000004)
    _main_clock                              0x000000d5   Thumb Code     0  entry7b.o(.ARM.Collect$$$$00000008)
    _main_cpp_init                           0x000000d5   Thumb Code     0  entry8b.o(.ARM.Collect$$$$0000000A)
    _main_init                               0x000000d5   Thumb Code     0  entry9a.o(.ARM.Collect$$$$0000000B)
    __rt_final_cpp                           0x000000dd   Thumb Code     0  entry10a.o(.ARM.Collect$$$$0000000D)
    __rt_final_exit                          0x000000dd   Thumb Code     0  entry11a.o(.ARM.Collect$$$$0000000F)
    __asm___13_rtx_mempool_c_7914b4c7__atomic_wr8 0x000000e1   Thumb Code    16  rtx_mempool.o(.emb_text)
    __asm___13_rtx_mempool_c_7914b4c7__atomic_set32 0x000000f1   Thumb Code    20  rtx_mempool.o(.emb_text)
    __asm___13_rtx_mempool_c_7914b4c7__atomic_clr32 0x00000105   Thumb Code    22  rtx_mempool.o(.emb_text)
    __asm___13_rtx_mempool_c_7914b4c7__atomic_chk32_all 0x0000011b   Thumb Code    38  rtx_mempool.o(.emb_text)
    __asm___13_rtx_mempool_c_7914b4c7__atomic_chk32_any 0x00000141   Thumb Code    34  rtx_mempool.o(.emb_text)
    __asm___13_rtx_mempool_c_7914b4c7__atomic_inc32 0x00000163   Thumb Code    18  rtx_mempool.o(.emb_text)
    __asm___13_rtx_mempool_c_7914b4c7__atomic_inc32_lt 0x00000175   Thumb Code    30  rtx_mempool.o(.emb_text)
    __asm___13_rtx_mempool_c_7914b4c7__atomic_inc16_lt 0x00000193   Thumb Code    30  rtx_mempool.o(.emb_text)
    __asm___13_rtx_mempool_c_7914b4c7__atomic_inc16_lim 0x000001b1   Thumb Code    26  rtx_mempool.o(.emb_text)
    __asm___13_rtx_mempool_c_7914b4c7__atomic_dec32_nz 0x000001cb   Thumb Code    26  rtx_mempool.o(.emb_text)
    __asm___13_rtx_mempool_c_7914b4c7__atomic_dec16_nz 0x000001e5   Thumb Code    26  rtx_mempool.o(.emb_text)
    __asm___13_rtx_mempool_c_7914b4c7__atomic_link_get 0x000001ff   Thumb Code    26  rtx_mempool.o(.emb_text)
    __asm___13_rtx_mempool_c_7914b4c7__atomic_link_put 0x00000219   Thumb Code    28  rtx_mempool.o(.emb_text)
    SVC_Handler                              0x00000235   Thumb Code   108  irq_cm3.o(.text)
    PendSV_Handler                           0x000002a1   Thumb Code    16  irq_cm3.o(.text)
    SysTick_Handler                          0x000002b1   Thumb Code    16  irq_cm3.o(.text)
    Reset_Handler                            0x000002c9   Thumb Code     8  startup_lpc17xx.o(.text)
    NMI_Handler                              0x000002d1   Thumb Code     2  startup_lpc17xx.o(.text)
    HardFault_Handler                        0x000002d3   Thumb Code     2  startup_lpc17xx.o(.text)
    MemManage_Handler                        0x000002d5   Thumb Code     2  startup_lpc17xx.o(.text)
    BusFault_Handler                         0x000002d7   Thumb Code     2  startup_lpc17xx.o(.text)
    UsageFault_Handler                       0x000002d9   Thumb Code     2  startup_lpc17xx.o(.text)
    DebugMon_Handler                         0x000002dd   Thumb Code     2  startup_lpc17xx.o(.text)
    ADC_IRQHandler                           0x000002e3   Thumb Code     0  startup_lpc17xx.o(.text)
    BOD_IRQHandler                           0x000002e3   Thumb Code     0  startup_lpc17xx.o(.text)
    CANActivity_IRQHandler                   0x000002e3   Thumb Code     0  startup_lpc17xx.o(.text)
    CAN_IRQHandler                           0x000002e3   Thumb Code     0  startup_lpc17xx.o(.text)
    DMA_IRQHandler                           0x000002e3   Thumb Code     0  startup_lpc17xx.o(.text)
    EINT0_IRQHandler                         0x000002e3   Thumb Code     0  startup_lpc17xx.o(.text)
    EINT1_IRQHandler                         0x000002e3   Thumb Code     0  startup_lpc17xx.o(.text)
    EINT2_IRQHandler                         0x000002e3   Thumb Code     0  startup_lpc17xx.o(.text)
    EINT3_IRQHandler                         0x000002e3   Thumb Code     0  startup_lpc17xx.o(.text)
    ENET_IRQHandler                          0x000002e3   Thumb Code     0  startup_lpc17xx.o(.text)
    I2C0_IRQHandler                          0x000002e3   Thumb Code     0  startup_lpc17xx.o(.text)
    I2C1_IRQHandler                          0x000002e3   Thumb Code     0  startup_lpc17xx.o(.text)
    I2C2_IRQHandler                          0x000002e3   Thumb Code     0  startup_lpc17xx.o(.text)
    I2S_IRQHandler                           0x000002e3   Thumb Code     0  startup_lpc17xx.o(.text)
    MCPWM_IRQHandler                         0x000002e3   Thumb Code     0  startup_lpc17xx.o(.text)
    PLL0_IRQHandler                          0x000002e3   Thumb Code     0  startup_lpc17xx.o(.text)
    PLL1_IRQHandler                          0x000002e3   Thumb Code     0  startup_lpc17xx.o(.text)
    PWM1_IRQHandler                          0x000002e3   Thumb Code     0  startup_lpc17xx.o(.text)
    QEI_IRQHandler                           0x000002e3   Thumb Code     0  startup_lpc17xx.o(.text)
    RIT_IRQHandler                           0x000002e3   Thumb Code     0  startup_lpc17xx.o(.text)
    RTC_IRQHandler                           0x000002e3   Thumb Code     0  startup_lpc17xx.o(.text)
    SPI_IRQHandler                           0x000002e3   Thumb Code     0  startup_lpc17xx.o(.text)
    SSP0_IRQHandler                          0x000002e3   Thumb Code     0  startup_lpc17xx.o(.text)
    SSP1_IRQHandler                          0x000002e3   Thumb Code     0  startup_lpc17xx.o(.text)
    TIMER0_IRQHandler                        0x000002e3   Thumb Code     0  startup_lpc17xx.o(.text)
    TIMER1_IRQHandler                        0x000002e3   Thumb Code     0  startup_lpc17xx.o(.text)
    TIMER2_IRQHandler                        0x000002e3   Thumb Code     0  startup_lpc17xx.o(.text)
    TIMER3_IRQHandler                        0x000002e3   Thumb Code     0  startup_lpc17xx.o(.text)
    UART2_IRQHandler                         0x000002e3   Thumb Code     0  startup_lpc17xx.o(.text)
    UART3_IRQHandler                         0x000002e3   Thumb Code     0  startup_lpc17xx.o(.text)
    USBActivity_IRQHandler                   0x000002e3   Thumb Code     0  startup_lpc17xx.o(.text)
    USB_IRQHandler                           0x000002e3   Thumb Code     0  startup_lpc17xx.o(.text)
    WDT_IRQHandler                           0x000002e3   Thumb Code     0  startup_lpc17xx.o(.text)
    __aeabi_ui2f                             0x000002ed   Thumb Code    10  ffltui.o(.text)
    EvrRtxEventFlagsWaitTimeout              0x000002f7   Thumb Code     2  rtx_evr.o(i.EvrRtxEventFlagsWaitTimeout)
    __I$use$fp                               0x000002f7   Thumb Code     0  iusefp.o(.text)
    EvrRtxKernelError                        0x000002f9   Thumb Code     2  rtx_evr.o(i.EvrRtxKernelError)
    EvrRtxKernelInitialize                   0x000002fb   Thumb Code     2  rtx_evr.o(i.EvrRtxKernelInitialize)
    __asm___14_rtx_msgqueue_c_ba128ae8__atomic_wr8 0x00000301   Thumb Code    16  rtx_msgqueue.o(.emb_text)
    __asm___14_rtx_msgqueue_c_ba128ae8__atomic_set32 0x00000311   Thumb Code    20  rtx_msgqueue.o(.emb_text)
    __asm___14_rtx_msgqueue_c_ba128ae8__atomic_clr32 0x00000325   Thumb Code    22  rtx_msgqueue.o(.emb_text)
    __asm___14_rtx_msgqueue_c_ba128ae8__atomic_chk32_all 0x0000033b   Thumb Code    38  rtx_msgqueue.o(.emb_text)
    __asm___14_rtx_msgqueue_c_ba128ae8__atomic_chk32_any 0x00000361   Thumb Code    34  rtx_msgqueue.o(.emb_text)
    __asm___14_rtx_msgqueue_c_ba128ae8__atomic_inc32 0x00000383   Thumb Code    18  rtx_msgqueue.o(.emb_text)
    __asm___14_rtx_msgqueue_c_ba128ae8__atomic_inc32_lt 0x00000395   Thumb Code    30  rtx_msgqueue.o(.emb_text)
    __asm___14_rtx_msgqueue_c_ba128ae8__atomic_inc16_lt 0x000003b3   Thumb Code    30  rtx_msgqueue.o(.emb_text)
    __asm___14_rtx_msgqueue_c_ba128ae8__atomic_inc16_lim 0x000003d1   Thumb Code    26  rtx_msgqueue.o(.emb_text)
    __asm___14_rtx_msgqueue_c_ba128ae8__atomic_dec32_nz 0x000003eb   Thumb Code    26  rtx_msgqueue.o(.emb_text)
    __asm___14_rtx_msgqueue_c_ba128ae8__atomic_dec16_nz 0x00000405   Thumb Code    26  rtx_msgqueue.o(.emb_text)
    __asm___14_rtx_msgqueue_c_ba128ae8__atomic_link_get 0x0000041f   Thumb Code    26  rtx_msgqueue.o(.emb_text)
    __asm___14_rtx_msgqueue_c_ba128ae8__atomic_link_put 0x00000439   Thumb Code    28  rtx_msgqueue.o(.emb_text)
    __asm___12_rtx_system_c_024f2f18__atomic_wr8 0x00000455   Thumb Code    16  rtx_system.o(.emb_text)
    __asm___12_rtx_system_c_024f2f18__atomic_set32 0x00000465   Thumb Code    20  rtx_system.o(.emb_text)
    __asm___12_rtx_system_c_024f2f18__atomic_clr32 0x00000479   Thumb Code    22  rtx_system.o(.emb_text)
    __asm___12_rtx_system_c_024f2f18__atomic_chk32_all 0x0000048f   Thumb Code    38  rtx_system.o(.emb_text)
    __asm___12_rtx_system_c_024f2f18__atomic_chk32_any 0x000004b5   Thumb Code    34  rtx_system.o(.emb_text)
    __asm___12_rtx_system_c_024f2f18__atomic_inc32 0x000004d7   Thumb Code    18  rtx_system.o(.emb_text)
    __asm___12_rtx_system_c_024f2f18__atomic_inc32_lt 0x000004e9   Thumb Code    30  rtx_system.o(.emb_text)
    __asm___12_rtx_system_c_024f2f18__atomic_inc16_lt 0x00000507   Thumb Code    30  rtx_system.o(.emb_text)
    __asm___12_rtx_system_c_024f2f18__atomic_inc16_lim 0x00000525   Thumb Code    26  rtx_system.o(.emb_text)
    __asm___12_rtx_system_c_024f2f18__atomic_dec32_nz 0x0000053f   Thumb Code    26  rtx_system.o(.emb_text)
    __asm___12_rtx_system_c_024f2f18__atomic_dec16_nz 0x00000559   Thumb Code    26  rtx_system.o(.emb_text)
    __asm___12_rtx_system_c_024f2f18__atomic_link_get 0x00000573   Thumb Code    26  rtx_system.o(.emb_text)
    __asm___12_rtx_system_c_024f2f18__atomic_link_put 0x0000058d   Thumb Code    28  rtx_system.o(.emb_text)
    __asm___12_rtx_thread_c_add96be5__atomic_wr8 0x000005a9   Thumb Code    16  rtx_thread.o(.emb_text)
    __asm___12_rtx_thread_c_add96be5__atomic_set32 0x000005b9   Thumb Code    20  rtx_thread.o(.emb_text)
    __asm___12_rtx_thread_c_add96be5__atomic_clr32 0x000005cd   Thumb Code    22  rtx_thread.o(.emb_text)
    __asm___12_rtx_thread_c_add96be5__atomic_chk32_all 0x000005e3   Thumb Code    38  rtx_thread.o(.emb_text)
    __asm___12_rtx_thread_c_add96be5__atomic_chk32_any 0x00000609   Thumb Code    34  rtx_thread.o(.emb_text)
    __asm___12_rtx_thread_c_add96be5__atomic_inc32 0x0000062b   Thumb Code    18  rtx_thread.o(.emb_text)
    __asm___12_rtx_thread_c_add96be5__atomic_inc32_lt 0x0000063d   Thumb Code    30  rtx_thread.o(.emb_text)
    __asm___12_rtx_thread_c_add96be5__atomic_inc16_lt 0x0000065b   Thumb Code    30  rtx_thread.o(.emb_text)
    __asm___12_rtx_thread_c_add96be5__atomic_inc16_lim 0x00000679   Thumb Code    26  rtx_thread.o(.emb_text)
    __asm___12_rtx_thread_c_add96be5__atomic_dec32_nz 0x00000693   Thumb Code    26  rtx_thread.o(.emb_text)
    __asm___12_rtx_thread_c_add96be5__atomic_dec16_nz 0x000006ad   Thumb Code    26  rtx_thread.o(.emb_text)
    __asm___12_rtx_thread_c_add96be5__atomic_link_get 0x000006c7   Thumb Code    26  rtx_thread.o(.emb_text)
    __asm___12_rtx_thread_c_add96be5__atomic_link_put 0x000006e1   Thumb Code    28  rtx_thread.o(.emb_text)
    __aeabi_uldivmod                         0x000006fd   Thumb Code    98  uldiv.o(.text)
    __aeabi_memcpy                           0x0000075f   Thumb Code    36  memcpya.o(.text)
    __aeabi_memcpy4                          0x0000075f   Thumb Code     0  memcpya.o(.text)
    __aeabi_memcpy8                          0x0000075f   Thumb Code     0  memcpya.o(.text)
    __aeabi_memset                           0x00000783   Thumb Code    14  memseta.o(.text)
    __aeabi_memset4                          0x00000783   Thumb Code     0  memseta.o(.text)
    __aeabi_memset8                          0x00000783   Thumb Code     0  memseta.o(.text)
    __aeabi_memclr                           0x00000791   Thumb Code     4  memseta.o(.text)
    __aeabi_memclr4                          0x00000791   Thumb Code     0  memseta.o(.text)
    __aeabi_memclr8                          0x00000791   Thumb Code     0  memseta.o(.text)
    _memset$wrapper                          0x00000795   Thumb Code    18  memseta.o(.text)
    __aeabi_fadd                             0x000007a7   Thumb Code   164  fadd.o(.text)
    __aeabi_fsub                             0x0000084b   Thumb Code     6  fadd.o(.text)
    __aeabi_frsub                            0x00000851   Thumb Code     6  fadd.o(.text)
    __aeabi_fmul                             0x00000857   Thumb Code   100  fmul.o(.text)
    __aeabi_fdiv                             0x000008bb   Thumb Code   124  fdiv.o(.text)
    __aeabi_dadd                             0x00000937   Thumb Code   322  dadd.o(.text)
    __aeabi_dsub                             0x00000a79   Thumb Code     6  dadd.o(.text)
    __aeabi_drsub                            0x00000a7f   Thumb Code     6  dadd.o(.text)
    __aeabi_ddiv                             0x00000a85   Thumb Code   222  ddiv.o(.text)
    __aeabi_i2f                              0x00000b63   Thumb Code    18  fflti.o(.text)
    __aeabi_f2d                              0x00000b75   Thumb Code    38  f2d.o(.text)
    __aeabi_cfcmpeq                          0x00000b9d   Thumb Code     0  cfcmple.o(.text)
    __aeabi_cfcmple                          0x00000b9d   Thumb Code    20  cfcmple.o(.text)
    __aeabi_cfrcmple                         0x00000bb1   Thumb Code    20  cfrcmple.o(.text)
    __aeabi_uidiv                            0x00000bc5   Thumb Code     0  uidiv.o(.text)
    __aeabi_uidivmod                         0x00000bc5   Thumb Code    44  uidiv.o(.text)
    __aeabi_llsl                             0x00000bf1   Thumb Code    30  llshl.o(.text)
    _ll_shift_l                              0x00000bf1   Thumb Code     0  llshl.o(.text)
    __aeabi_llsr                             0x00000c0f   Thumb Code    32  llushr.o(.text)
    _ll_ushift_r                             0x00000c0f   Thumb Code     0  llushr.o(.text)
    __aeabi_lasr                             0x00000c2f   Thumb Code    36  llsshr.o(.text)
    _ll_sshift_r                             0x00000c2f   Thumb Code     0  llsshr.o(.text)
    _float_round                             0x00000c53   Thumb Code    18  fepilogue.o(.text)
    _float_epilogue                          0x00000c65   Thumb Code    92  fepilogue.o(.text)
    __ARM_scalbnf                            0x00000cc1   Thumb Code    24  fscalb.o(.text)
    scalbnf                                  0x00000cc1   Thumb Code     0  fscalb.o(.text)
    _fsqrt                                   0x00000cd9   Thumb Code    94  fsqrt.o(.text)
    _double_round                            0x00000d37   Thumb Code    30  depilogue.o(.text)
    _double_epilogue                         0x00000d55   Thumb Code   156  depilogue.o(.text)
    __aeabi_dmul                             0x00000df1   Thumb Code   228  dmul.o(.text)
    __aeabi_d2ulz                            0x00000ed5   Thumb Code    48  dfixul.o(.text)
    __aeabi_cdrcmple                         0x00000f05   Thumb Code    48  cdrcmple.o(.text)
    __scatterload                            0x00000f35   Thumb Code    28  init.o(.text)
    __scatterload_rt2                        0x00000f35   Thumb Code     0  init.o(.text)
    __decompress                             0x00000f59   Thumb Code     0  __dczerorl.o(.text)
    __decompress0                            0x00000f59   Thumb Code    58  __dczerorl.o(.text)
    EvrRtxKernelInitializeCompleted          0x00000fb7   Thumb Code     2  rtx_evr.o(i.EvrRtxKernelInitializeCompleted)
    EvrRtxKernelStart                        0x00000fb9   Thumb Code     2  rtx_evr.o(i.EvrRtxKernelStart)
    EvrRtxKernelStarted                      0x00000fbb   Thumb Code     2  rtx_evr.o(i.EvrRtxKernelStarted)
    EvrRtxMemoryAlloc                        0x00000fbd   Thumb Code     2  rtx_evr.o(i.EvrRtxMemoryAlloc)
    EvrRtxMemoryBlockAlloc                   0x00000fbf   Thumb Code     2  rtx_evr.o(i.EvrRtxMemoryBlockAlloc)
    EvrRtxMemoryBlockFree                    0x00000fc1   Thumb Code     2  rtx_evr.o(i.EvrRtxMemoryBlockFree)
    EvrRtxMemoryBlockInit                    0x00000fc3   Thumb Code     2  rtx_evr.o(i.EvrRtxMemoryBlockInit)
    EvrRtxMemoryFree                         0x00000fc5   Thumb Code     2  rtx_evr.o(i.EvrRtxMemoryFree)
    EvrRtxMemoryInit                         0x00000fc7   Thumb Code     2  rtx_evr.o(i.EvrRtxMemoryInit)
    EvrRtxMemoryPoolAllocTimeout             0x00000fc9   Thumb Code     2  rtx_evr.o(i.EvrRtxMemoryPoolAllocTimeout)
    EvrRtxMessageQueueCreated                0x00000fcb   Thumb Code     2  rtx_evr.o(i.EvrRtxMessageQueueCreated)
    EvrRtxMessageQueueError                  0x00000fcd   Thumb Code     2  rtx_evr.o(i.EvrRtxMessageQueueError)
    EvrRtxMessageQueueGet                    0x00000fcf   Thumb Code     2  rtx_evr.o(i.EvrRtxMessageQueueGet)
    EvrRtxMessageQueueGetPending             0x00000fd1   Thumb Code     2  rtx_evr.o(i.EvrRtxMessageQueueGetPending)
    EvrRtxMessageQueueGetTimeout             0x00000fd3   Thumb Code     2  rtx_evr.o(i.EvrRtxMessageQueueGetTimeout)
    EvrRtxMessageQueueInsertPending          0x00000fd5   Thumb Code     2  rtx_evr.o(i.EvrRtxMessageQueueInsertPending)
    EvrRtxMessageQueueInserted               0x00000fd7   Thumb Code     2  rtx_evr.o(i.EvrRtxMessageQueueInserted)
    EvrRtxMessageQueueNew                    0x00000fd9   Thumb Code     2  rtx_evr.o(i.EvrRtxMessageQueueNew)
    EvrRtxMessageQueueNotInserted            0x00000fdb   Thumb Code     2  rtx_evr.o(i.EvrRtxMessageQueueNotInserted)
    EvrRtxMessageQueueNotRetrieved           0x00000fdd   Thumb Code     2  rtx_evr.o(i.EvrRtxMessageQueueNotRetrieved)
    EvrRtxMessageQueuePut                    0x00000fdf   Thumb Code     2  rtx_evr.o(i.EvrRtxMessageQueuePut)
    EvrRtxMessageQueuePutPending             0x00000fe1   Thumb Code     2  rtx_evr.o(i.EvrRtxMessageQueuePutPending)
    EvrRtxMessageQueuePutTimeout             0x00000fe3   Thumb Code     2  rtx_evr.o(i.EvrRtxMessageQueuePutTimeout)
    EvrRtxMessageQueueRetrieved              0x00000fe5   Thumb Code     2  rtx_evr.o(i.EvrRtxMessageQueueRetrieved)
    EvrRtxMutexAcquire                       0x00000fe7   Thumb Code     2  rtx_evr.o(i.EvrRtxMutexAcquire)
    EvrRtxMutexAcquirePending                0x00000fe9   Thumb Code     2  rtx_evr.o(i.EvrRtxMutexAcquirePending)
    EvrRtxMutexAcquireTimeout                0x00000feb   Thumb Code     2  rtx_evr.o(i.EvrRtxMutexAcquireTimeout)
    EvrRtxMutexAcquired                      0x00000fed   Thumb Code     2  rtx_evr.o(i.EvrRtxMutexAcquired)
    EvrRtxMutexCreated                       0x00000fef   Thumb Code     2  rtx_evr.o(i.EvrRtxMutexCreated)
    EvrRtxMutexError                         0x00000ff1   Thumb Code     2  rtx_evr.o(i.EvrRtxMutexError)
    EvrRtxMutexNew                           0x00000ff3   Thumb Code     2  rtx_evr.o(i.EvrRtxMutexNew)
    EvrRtxMutexNotAcquired                   0x00000ff5   Thumb Code     2  rtx_evr.o(i.EvrRtxMutexNotAcquired)
    EvrRtxMutexRelease                       0x00000ff7   Thumb Code     2  rtx_evr.o(i.EvrRtxMutexRelease)
    EvrRtxMutexReleased                      0x00000ff9   Thumb Code     2  rtx_evr.o(i.EvrRtxMutexReleased)
    EvrRtxSemaphoreAcquireTimeout            0x00000ffb   Thumb Code     2  rtx_evr.o(i.EvrRtxSemaphoreAcquireTimeout)
    EvrRtxThreadBlocked                      0x00000ffd   Thumb Code     2  rtx_evr.o(i.EvrRtxThreadBlocked)
    EvrRtxThreadCreated                      0x00000fff   Thumb Code     2  rtx_evr.o(i.EvrRtxThreadCreated)
    EvrRtxThreadDelayCompleted               0x00001001   Thumb Code     2  rtx_evr.o(i.EvrRtxThreadDelayCompleted)
    EvrRtxThreadDestroyed                    0x00001003   Thumb Code     2  rtx_evr.o(i.EvrRtxThreadDestroyed)
    EvrRtxThreadError                        0x00001005   Thumb Code     2  rtx_evr.o(i.EvrRtxThreadError)
    EvrRtxThreadExit                         0x00001007   Thumb Code     2  rtx_evr.o(i.EvrRtxThreadExit)
    EvrRtxThreadFlagsWaitCompleted           0x00001009   Thumb Code     2  rtx_evr.o(i.EvrRtxThreadFlagsWaitCompleted)
    EvrRtxThreadFlagsWaitTimeout             0x0000100b   Thumb Code     2  rtx_evr.o(i.EvrRtxThreadFlagsWaitTimeout)
    EvrRtxThreadJoined                       0x0000100d   Thumb Code     2  rtx_evr.o(i.EvrRtxThreadJoined)
    EvrRtxThreadNew                          0x0000100f   Thumb Code     2  rtx_evr.o(i.EvrRtxThreadNew)
    EvrRtxThreadPreempted                    0x00001011   Thumb Code     2  rtx_evr.o(i.EvrRtxThreadPreempted)
    EvrRtxThreadSwitched                     0x00001013   Thumb Code     2  rtx_evr.o(i.EvrRtxThreadSwitched)
    EvrRtxThreadUnblocked                    0x00001015   Thumb Code     2  rtx_evr.o(i.EvrRtxThreadUnblocked)
    EvrRtxThreadYield                        0x00001017   Thumb Code     2  rtx_evr.o(i.EvrRtxThreadYield)
    EvrRtxTimerCallback                      0x00001019   Thumb Code     2  rtx_evr.o(i.EvrRtxTimerCallback)
    Free                                     0x0000101b   Thumb Code     6  uart.o(i.Free)
    FreeRcv                                  0x00001021   Thumb Code    28  uart.o(i.FreeRcv)
    FreeSnd                                  0x00001045   Thumb Code    28  uart.o(i.FreeSnd)
    LED_clear                                0x00001109   Thumb Code    26  led.o(i.LED_clear)
    LED_display                              0x0000112d   Thumb Code    38  led.o(i.LED_display)
    LED_set                                  0x00001155   Thumb Code    26  led.o(i.LED_set)
    LED_setup                                0x00001179   Thumb Code    34  led.o(i.LED_setup)
    MPU9250_ReadRegs                         0x000011a1   Thumb Code    50  mpu9250.o(i.MPU9250_ReadRegs)
    MPU9250_WriteReg                         0x000011d3   Thumb Code    32  mpu9250.o(i.MPU9250_WriteReg)
    MPU9250_calib_mag                        0x000011f5   Thumb Code   176  mpu9250.o(i.MPU9250_calib_mag)
    MPU9250_calibrate                        0x000012ad   Thumb Code  1114  mpu9250.o(i.MPU9250_calibrate)
    MPU9250_init                             0x00001709   Thumb Code   116  mpu9250.o(i.MPU9250_init)
    MPU9250_read_acc                         0x00001789   Thumb Code    86  mpu9250.o(i.MPU9250_read_acc)
    MPU9250_read_gyro                        0x000017ed   Thumb Code    86  mpu9250.o(i.MPU9250_read_gyro)
    MPU9250_read_mag                         0x00001851   Thumb Code   128  mpu9250.o(i.MPU9250_read_mag)
    MPU9250_set_acc_scale                    0x000018e1   Thumb Code   118  mpu9250.o(i.MPU9250_set_acc_scale)
    MPU9250_set_gyro_scale                   0x0000195d   Thumb Code   116  mpu9250.o(i.MPU9250_set_gyro_scale)
    MPU9250_whoami                           0x000019e5   Thumb Code    16  mpu9250.o(i.MPU9250_whoami)
    OS_Tick_AcknowledgeIRQ                   0x00001aa1   Thumb Code     8  os_systick.o(i.OS_Tick_AcknowledgeIRQ)
    OS_Tick_Enable                           0x00001aa9   Thumb Code    38  os_systick.o(i.OS_Tick_Enable)
    OS_Tick_GetIRQn                          0x00001ad9   Thumb Code     6  os_systick.o(i.OS_Tick_GetIRQn)
    OS_Tick_Setup                            0x00001ae1   Thumb Code    66  os_systick.o(i.OS_Tick_Setup)
    SPI_deselect                             0x00001b31   Thumb Code    10  ece_spi.o(i.SPI_deselect)
    SPI_select                               0x00001b41   Thumb Code    10  ece_spi.o(i.SPI_select)
    SPI_setup                                0x00001b51   Thumb Code    90  ece_spi.o(i.SPI_setup)
    SPI_xfer                                 0x00001bb9   Thumb Code    28  ece_spi.o(i.SPI_xfer)
    SystemInit                               0x00001bd9   Thumb Code   302  system_lpc17xx.o(i.SystemInit)
    UART0_IRQHandler                         0x00001dc9   Thumb Code    88  uart.o(i.UART0_IRQHandler)
    UART1_IRQHandler                         0x00001e31   Thumb Code    90  uart.o(i.UART1_IRQHandler)
    UARTInit                                 0x00001ea1   Thumb Code   176  uart.o(i.UARTInit)
    UARTSendChar                             0x00001f5d   Thumb Code    26  uart.o(i.UARTSendChar)
    __0printf                                0x00001f81   Thumb Code    22  printfa.o(i.__0printf)
    __1printf                                0x00001f81   Thumb Code     0  printfa.o(i.__0printf)
    __2printf                                0x00001f81   Thumb Code     0  printfa.o(i.__0printf)
    __c89printf                              0x00001f81   Thumb Code     0  printfa.o(i.__0printf)
    printf                                   0x00001f81   Thumb Code     0  printfa.o(i.__0printf)
    __ARM_fpclassifyf                        0x00001fa1   Thumb Code    38  fpclassifyf.o(i.__ARM_fpclassifyf)
    __mathlib_flt_infnan                     0x00001fe1   Thumb Code     6  funder.o(i.__mathlib_flt_infnan)
    __mathlib_flt_infnan2                    0x00001fe7   Thumb Code     4  funder.o(i.__mathlib_flt_infnan2)
    __mathlib_flt_invalid                    0x00001feb   Thumb Code     8  funder.o(i.__mathlib_flt_invalid)
    __mathlib_flt_underflow                  0x00001ff3   Thumb Code    10  funder.o(i.__mathlib_flt_underflow)
    __scatterload_copy                       0x00001ffd   Thumb Code    14  handlers.o(i.__scatterload_copy)
    __scatterload_null                       0x0000200b   Thumb Code     2  handlers.o(i.__scatterload_null)
    __scatterload_zeroinit                   0x0000200d   Thumb Code    14  handlers.o(i.__scatterload_zeroinit)
    __set_errno                              0x0000201d   Thumb Code     6  errno.o(i.__set_errno)
    asinf                                    0x000028dd   Thumb Code   254  asinf.o(i.asinf)
    atan2f                                   0x00002a01   Thumb Code   528  atan2f.o(i.atan2f)
    computeAngles                            0x00002c5d   Thumb Code   244  sensor_fusion.o(i.computeAngles)
    fputc                                    0x00002d71   Thumb Code    14  retarget.o(i.fputc)
    getFrequency                             0x00002d81   Thumb Code    62  uart.o(i.getFrequency)
    invSqrt                                  0x00002dc9   Thumb Code   108  sensor_fusion.o(i.invSqrt)
    main                                     0x00002fdd   Thumb Code   106  main.o(i.main)
    osKernelInitialize                       0x00003061   Thumb Code    48  rtx_kernel.o(i.osKernelInitialize)
    osKernelStart                            0x00003095   Thumb Code    48  rtx_kernel.o(i.osKernelStart)
    osMessageQueueGet                        0x000030c9   Thumb Code    78  rtx_msgqueue.o(i.osMessageQueueGet)
    osMessageQueueNew                        0x0000311d   Thumb Code    70  rtx_msgqueue.o(i.osMessageQueueNew)
    osMessageQueuePut                        0x00003169   Thumb Code    78  rtx_msgqueue.o(i.osMessageQueuePut)
    osMutexAcquire                           0x000031bd   Thumb Code    62  rtx_mutex.o(i.osMutexAcquire)
    osMutexNew                               0x00003201   Thumb Code    54  rtx_mutex.o(i.osMutexNew)
    osMutexRelease                           0x0000323d   Thumb Code    56  rtx_mutex.o(i.osMutexRelease)
    osRtxErrorNotify                         0x00003279   Thumb Code    32  rtx_config.o(i.osRtxErrorNotify)
    osRtxIdleThread                          0x00003299   Thumb Code     4  rtx_config.o(i.osRtxIdleThread)
    osRtxMemoryAlloc                         0x000032a9   Thumb Code   238  rtx_memory.o(i.osRtxMemoryAlloc)
    osRtxMemoryFree                          0x00003397   Thumb Code   124  rtx_memory.o(i.osRtxMemoryFree)
    osRtxMemoryInit                          0x00003413   Thumb Code   106  rtx_memory.o(i.osRtxMemoryInit)
    osRtxMemoryPoolAlloc                     0x0000347d   Thumb Code    58  rtx_mempool.o(i.osRtxMemoryPoolAlloc)
    osRtxMemoryPoolFree                      0x000034b7   Thumb Code    78  rtx_mempool.o(i.osRtxMemoryPoolFree)
    osRtxMemoryPoolInit                      0x00003505   Thumb Code    88  rtx_mempool.o(i.osRtxMemoryPoolInit)
    osRtxMutexOwnerRelease                   0x00003685   Thumb Code    94  rtx_mutex.o(i.osRtxMutexOwnerRelease)
    osRtxPendSV_Handler                      0x000036e5   Thumb Code   126  rtx_system.o(i.osRtxPendSV_Handler)
    osRtxPostProcess                         0x00003769   Thumb Code    50  rtx_system.o(i.osRtxPostProcess)
    osRtxThreadDelayTick                     0x000038c1   Thumb Code   216  rtx_thread.o(i.osRtxThreadDelayTick)
    osRtxThreadDispatch                      0x0000399d   Thumb Code   106  rtx_thread.o(i.osRtxThreadDispatch)
    osRtxThreadListGet                       0x00003a79   Thumb Code    28  rtx_thread.o(i.osRtxThreadListGet)
    osRtxThreadListPut                       0x00003a95   Thumb Code    50  rtx_thread.o(i.osRtxThreadListPut)
    osRtxThreadListRemove                    0x00003ac7   Thumb Code    26  rtx_thread.o(i.osRtxThreadListRemove)
    osRtxThreadListSort                      0x00003af3   Thumb Code    42  rtx_thread.o(i.osRtxThreadListSort)
    osRtxThreadReadyPut                      0x00003b5d   Thumb Code    18  rtx_thread.o(i.osRtxThreadReadyPut)
    osRtxThreadRegPtr                        0x00003b75   Thumb Code    14  rtx_thread.o(i.osRtxThreadRegPtr)
    osRtxThreadStackCheck                    0x00003b91   Thumb Code    38  rtx_thread.o(i.osRtxThreadStackCheck)
    osRtxThreadStartup                       0x00003bbd   Thumb Code    78  rtx_thread.o(i.osRtxThreadStartup)
    osRtxThreadSwitch                        0x00003c1d   Thumb Code    24  rtx_thread.o(i.osRtxThreadSwitch)
    osRtxThreadWaitEnter                     0x00003c39   Thumb Code    78  rtx_thread.o(i.osRtxThreadWaitEnter)
    osRtxThreadWaitExit                      0x00003c8d   Thumb Code    54  rtx_thread.o(i.osRtxThreadWaitExit)
    osRtxTick_Handler                        0x00003cc5   Thumb Code   154  rtx_system.o(i.osRtxTick_Handler)
    osRtxTimerThread                         0x00003d65   Thumb Code    76  rtx_timer.o(i.osRtxTimerThread)
    osThreadExit                             0x00003e19   Thumb Code    28  rtx_thread.o(i.osThreadExit)
    osThreadNew                              0x00003e39   Thumb Code    70  rtx_thread.o(i.osThreadNew)
    osThreadYield                            0x00003e85   Thumb Code    50  rtx_thread.o(i.osThreadYield)
    readIMU                                  0x00003ebd   Thumb Code    38  main.o(i.readIMU)
    sendData                                 0x00003ee9   Thumb Code   102  main.o(i.sendData)
    sendchar                                 0x00003f61   Thumb Code    64  retarget.o(i.sendchar)
    sensorFusion                             0x00003fa5   Thumb Code   104  main.o(i.sensorFusion)
    sensor_fusion_begin                      0x00004025   Thumb Code    20  sensor_fusion.o(i.sensor_fusion_begin)
    sensor_fusion_getPitch                   0x0000403d   Thumb Code    24  sensor_fusion.o(i.sensor_fusion_getPitch)
    sensor_fusion_getRoll                    0x00004061   Thumb Code    24  sensor_fusion.o(i.sensor_fusion_getRoll)
    sensor_fusion_getYaw                     0x00004085   Thumb Code    32  sensor_fusion.o(i.sensor_fusion_getYaw)
    sensor_fusion_init                       0x000040b5   Thumb Code    62  sensor_fusion.o(i.sensor_fusion_init)
    sensor_fusion_update                     0x00004121   Thumb Code  1842  sensor_fusion.o(i.sensor_fusion_update)
    sensor_fusion_updateIMU                  0x00004881   Thumb Code  1116  sensor_fusion.o(i.sensor_fusion_updateIMU)
    sqrtf                                    0x00004ce9   Thumb Code    44  sqrtf.o(i.sqrtf)
    led_pos                                  0x00005acc   Data           8  led.o(.constdata)
    osRtxUserSVC                             0x00005b58   Data           4  rtx_lib.o(.constdata)
    osRtxConfig                              0x00005b68   Data         104  rtx_lib.o(.rodata)
    Region$$Table$$Base                      0x00005bd0   Number         0  anon$$obj.o(Region$$Table)
    Region$$Table$$Limit                     0x00005bf0   Number         0  anon$$obj.o(Region$$Table)
    .bss.os.msgqueue.cb$$Base                0x10001040   Number         0  rtx_lib.o(.bss.os.msgqueue.cb)
    .bss.os.msgqueue.cb$$Limit               0x10001074   Number         0  rtx_lib.o(.bss.os.msgqueue.cb)
    .bss.os.thread.cb$$Base                  0x100010c4   Number         0  rtx_lib.o(.bss.os.thread.cb)
    .bss.os.thread.cb$$Limit                 0x1000114c   Number         0  rtx_lib.o(.bss.os.thread.cb)
    MPU9250_temperature                      0x10001350   Data           4  mpu9250.o(.data)
    mag_data_raw                             0x10001354   Data           6  mpu9250.o(.data)
    MPU9250_st_value                         0x1000135a   Data           1  mpu9250.o(.data)
    acc_divider                              0x1000135c   Data           4  mpu9250.o(.data)
    gyro_divider                             0x10001360   Data           4  mpu9250.o(.data)
    uart_init_called                         0x10001364   Data           1  retarget.o(.data)
    __stdout                                 0x10001368   Data           4  retarget.o(.data)
    __stdin                                  0x1000136c   Data           4  retarget.o(.data)
    twoKp                                    0x10001370   Data           4  sensor_fusion.o(.data)
    twoKi                                    0x10001374   Data           4  sensor_fusion.o(.data)
    q0                                       0x10001378   Data           4  sensor_fusion.o(.data)
    q1                                       0x1000137c   Data           4  sensor_fusion.o(.data)
    q2                                       0x10001380   Data           4  sensor_fusion.o(.data)
    q3                                       0x10001384   Data           4  sensor_fusion.o(.data)
    integralFBx                              0x10001388   Data           4  sensor_fusion.o(.data)
    integralFBy                              0x1000138c   Data           4  sensor_fusion.o(.data)
    integralFBz                              0x10001390   Data           4  sensor_fusion.o(.data)
    invSampleFreq                            0x10001394   Data           4  sensor_fusion.o(.data)
    roll                                     0x10001398   Data           4  sensor_fusion.o(.data)
    pitch                                    0x1000139c   Data           4  sensor_fusion.o(.data)
    yaw                                      0x100013a0   Data           4  sensor_fusion.o(.data)
    anglesComputed                           0x100013a4   Data           1  sensor_fusion.o(.data)
    ITM_RxBuffer                             0x100013a8   Data           4  uart.o(.data)
    UART0Status                              0x100013ac   Data           4  uart.o(.data)
    UART1Status                              0x100013b0   Data           4  uart.o(.data)
    UART0TxEmpty                             0x100013b4   Data           1  uart.o(.data)
    UART1TxEmpty                             0x100013b5   Data           1  uart.o(.data)
    UART0Count                               0x100013b8   Data           4  uart.o(.data)
    UART1Count                               0x100013bc   Data           4  uart.o(.data)
    RcvLock0                                 0x100013c0   Data           1  uart.o(.data)
    SndLock0                                 0x100013c1   Data           1  uart.o(.data)
    RcvLock1                                 0x100013c2   Data           1  uart.o(.data)
    SndLock1                                 0x100013c3   Data           1  uart.o(.data)
    i                                        0x100013c4   Data           4  uart.o(.data)
    IMUVals                                  0x100013c8   Data           4  main.o(.data)
    PYR                                      0x100013cc   Data           4  main.o(.data)
    SystemCoreClock                          0x100013d4   Data           4  system_lpc17xx.o(.data)
    osRtxInfo                                0x100013dc   Data         164  rtx_kernel.o(.data.os)
    MPU9250_accel_data                       0x10001480   Data          12  mpu9250.o(.bss)
    MPU9250_gyro_data                        0x1000148c   Data          12  mpu9250.o(.bss)
    MPU9250_mag_data                         0x10001498   Data          12  mpu9250.o(.bss)
    calib_data                               0x100014a4   Data          12  mpu9250.o(.bss)
    Magnetometer_ASA                         0x100014b0   Data          12  mpu9250.o(.bss)
    g_bias                                   0x100014bc   Data          12  mpu9250.o(.bss)
    a_bias                                   0x100014c8   Data          12  mpu9250.o(.bss)
    UART0Buffer                              0x100014d4   Data          64  uart.o(.bss)
    UART1Buffer                              0x10001514   Data          64  uart.o(.bss)
    __initial_sp                             0x10003558   Data           0  startup_lpc17xx.o(STACK)



==============================================================================

Memory Map of the image

  Image Entry point : 0x000002c9

  Load Region LR_1 (Base: 0x00000000, Size: 0x00007070, Max: 0xffffffff, ABSOLUTE, COMPRESSED[0x00005c30])

    Execution Region ER_RO (Exec base: 0x00000000, Load base: 0x00000000, Size: 0x00005bf0, Max: 0xffffffff, ABSOLUTE)

    Exec Addr    Load Addr    Size         Type   Attr      Idx    E Section Name        Object

    0x00000000   0x00000000   0x000000cc   Data   RO         3468    RESET               startup_lpc17xx.o
    0x000000cc   0x000000cc   0x00000000   Code   RO         3536  * .ARM.Collect$$$$00000000  mc_w.l(entry.o)
    0x000000cc   0x000000cc   0x00000004   Code   RO         3846    .ARM.Collect$$$$00000001  mc_w.l(entry2.o)
    0x000000d0   0x000000d0   0x00000004   Code   RO         3849    .ARM.Collect$$$$00000004  mc_w.l(entry5.o)
    0x000000d4   0x000000d4   0x00000000   Code   RO         3851    .ARM.Collect$$$$00000008  mc_w.l(entry7b.o)
    0x000000d4   0x000000d4   0x00000000   Code   RO         3853    .ARM.Collect$$$$0000000A  mc_w.l(entry8b.o)
    0x000000d4   0x000000d4   0x00000008   Code   RO         3854    .ARM.Collect$$$$0000000B  mc_w.l(entry9a.o)
    0x000000dc   0x000000dc   0x00000000   Code   RO         3856    .ARM.Collect$$$$0000000D  mc_w.l(entry10a.o)
    0x000000dc   0x000000dc   0x00000000   Code   RO         3858    .ARM.Collect$$$$0000000F  mc_w.l(entry11a.o)
    0x000000dc   0x000000dc   0x00000004   Code   RO         3847    .ARM.Collect$$$$00002712  mc_w.l(entry2.o)
    0x000000e0   0x000000e0   0x00000154   Code   RO         2187    .emb_text           rtx_mempool.o
    0x00000234   0x00000234   0x00000094   Code   RO          623    .text               irq_cm3.o
    0x000002c8   0x000002c8   0x00000024   Code   RO         3470  * .text               startup_lpc17xx.o
    0x000002ec   0x000002ec   0x0000000a   Code   RO         3820    .text               mf_w.l(ffltui.o)
    0x000002f6   0x000002f6   0x00000000   Code   RO         3875    .text               mc_w.l(iusefp.o)
    0x000002f6   0x000002f6   0x00000002   Code   RO          885    i.EvrRtxEventFlagsWaitTimeout  rtx_evr.o
    0x000002f8   0x000002f8   0x00000002   Code   RO          886    i.EvrRtxKernelError  rtx_evr.o
    0x000002fa   0x000002fa   0x00000002   Code   RO          894    i.EvrRtxKernelInitialize  rtx_evr.o
    0x000002fc   0x000002fc   0x00000004   Code   RO         3469    .ARM.__at_0x02FC    startup_lpc17xx.o
    0x00000300   0x00000300   0x00000154   Code   RO         2354    .emb_text           rtx_msgqueue.o
    0x00000454   0x00000454   0x00000154   Code   RO         2765    .emb_text           rtx_system.o
    0x000005a8   0x000005a8   0x00000154   Code   RO         2821    .emb_text           rtx_thread.o
    0x000006fc   0x000006fc   0x00000062   Code   RO         3539    .text               mc_w.l(uldiv.o)
    0x0000075e   0x0000075e   0x00000024   Code   RO         3541    .text               mc_w.l(memcpya.o)
    0x00000782   0x00000782   0x00000024   Code   RO         3543    .text               mc_w.l(memseta.o)
    0x000007a6   0x000007a6   0x000000b0   Code   RO         3808    .text               mf_w.l(fadd.o)
    0x00000856   0x00000856   0x00000064   Code   RO         3810    .text               mf_w.l(fmul.o)
    0x000008ba   0x000008ba   0x0000007c   Code   RO         3812    .text               mf_w.l(fdiv.o)
    0x00000936   0x00000936   0x0000014e   Code   RO         3814    .text               mf_w.l(dadd.o)
    0x00000a84   0x00000a84   0x000000de   Code   RO         3816    .text               mf_w.l(ddiv.o)
    0x00000b62   0x00000b62   0x00000012   Code   RO         3818    .text               mf_w.l(fflti.o)
    0x00000b74   0x00000b74   0x00000026   Code   RO         3822    .text               mf_w.l(f2d.o)
    0x00000b9a   0x00000b9a   0x00000002   PAD
    0x00000b9c   0x00000b9c   0x00000014   Code   RO         3826    .text               mf_w.l(cfcmple.o)
    0x00000bb0   0x00000bb0   0x00000014   Code   RO         3828    .text               mf_w.l(cfrcmple.o)
    0x00000bc4   0x00000bc4   0x0000002c   Code   RO         3860    .text               mc_w.l(uidiv.o)
    0x00000bf0   0x00000bf0   0x0000001e   Code   RO         3862    .text               mc_w.l(llshl.o)
    0x00000c0e   0x00000c0e   0x00000020   Code   RO         3864    .text               mc_w.l(llushr.o)
    0x00000c2e   0x00000c2e   0x00000024   Code   RO         3866    .text               mc_w.l(llsshr.o)
    0x00000c52   0x00000c52   0x0000006e   Code   RO         3876    .text               mf_w.l(fepilogue.o)
    0x00000cc0   0x00000cc0   0x00000018   Code   RO         3878    .text               mf_w.l(fscalb.o)
    0x00000cd8   0x00000cd8   0x0000005e   Code   RO         3880    .text               mf_w.l(fsqrt.o)
    0x00000d36   0x00000d36   0x000000ba   Code   RO         3882    .text               mf_w.l(depilogue.o)
    0x00000df0   0x00000df0   0x000000e4   Code   RO         3884    .text               mf_w.l(dmul.o)
    0x00000ed4   0x00000ed4   0x00000030   Code   RO         3886    .text               mf_w.l(dfixul.o)
    0x00000f04   0x00000f04   0x00000030   Code   RO         3888    .text               mf_w.l(cdrcmple.o)
    0x00000f34   0x00000f34   0x00000024   Code   RO         3890    .text               mc_w.l(init.o)
    0x00000f58   0x00000f58   0x0000003a   Code   RO         3900    .text               mc_w.l(__dczerorl.o)
    0x00000f92   0x00000f92   0x00000014   Code   RO          135    i.DelayMilliseconds  mpu9250.o
    0x00000fa6   0x00000fa6   0x00000010   Code   RO          136    i.DelayOneMillisecond  mpu9250.o
    0x00000fb6   0x00000fb6   0x00000002   Code   RO          895    i.EvrRtxKernelInitializeCompleted  rtx_evr.o
    0x00000fb8   0x00000fb8   0x00000002   Code   RO          902    i.EvrRtxKernelStart  rtx_evr.o
    0x00000fba   0x00000fba   0x00000002   Code   RO          903    i.EvrRtxKernelStarted  rtx_evr.o
    0x00000fbc   0x00000fbc   0x00000002   Code   RO          908    i.EvrRtxMemoryAlloc  rtx_evr.o
    0x00000fbe   0x00000fbe   0x00000002   Code   RO          909    i.EvrRtxMemoryBlockAlloc  rtx_evr.o
    0x00000fc0   0x00000fc0   0x00000002   Code   RO          910    i.EvrRtxMemoryBlockFree  rtx_evr.o
    0x00000fc2   0x00000fc2   0x00000002   Code   RO          911    i.EvrRtxMemoryBlockInit  rtx_evr.o
    0x00000fc4   0x00000fc4   0x00000002   Code   RO          912    i.EvrRtxMemoryFree  rtx_evr.o
    0x00000fc6   0x00000fc6   0x00000002   Code   RO          913    i.EvrRtxMemoryInit  rtx_evr.o
    0x00000fc8   0x00000fc8   0x00000002   Code   RO          917    i.EvrRtxMemoryPoolAllocTimeout  rtx_evr.o
    0x00000fca   0x00000fca   0x00000002   Code   RO          932    i.EvrRtxMessageQueueCreated  rtx_evr.o
    0x00000fcc   0x00000fcc   0x00000002   Code   RO          935    i.EvrRtxMessageQueueError  rtx_evr.o
    0x00000fce   0x00000fce   0x00000002   Code   RO          936    i.EvrRtxMessageQueueGet  rtx_evr.o
    0x00000fd0   0x00000fd0   0x00000002   Code   RO          941    i.EvrRtxMessageQueueGetPending  rtx_evr.o
    0x00000fd2   0x00000fd2   0x00000002   Code   RO          943    i.EvrRtxMessageQueueGetTimeout  rtx_evr.o
    0x00000fd4   0x00000fd4   0x00000002   Code   RO          944    i.EvrRtxMessageQueueInsertPending  rtx_evr.o
    0x00000fd6   0x00000fd6   0x00000002   Code   RO          945    i.EvrRtxMessageQueueInserted  rtx_evr.o
    0x00000fd8   0x00000fd8   0x00000002   Code   RO          946    i.EvrRtxMessageQueueNew  rtx_evr.o
    0x00000fda   0x00000fda   0x00000002   Code   RO          947    i.EvrRtxMessageQueueNotInserted  rtx_evr.o
    0x00000fdc   0x00000fdc   0x00000002   Code   RO          948    i.EvrRtxMessageQueueNotRetrieved  rtx_evr.o
    0x00000fde   0x00000fde   0x00000002   Code   RO          949    i.EvrRtxMessageQueuePut  rtx_evr.o
    0x00000fe0   0x00000fe0   0x00000002   Code   RO          950    i.EvrRtxMessageQueuePutPending  rtx_evr.o
    0x00000fe2   0x00000fe2   0x00000002   Code   RO          951    i.EvrRtxMessageQueuePutTimeout  rtx_evr.o
    0x00000fe4   0x00000fe4   0x00000002   Code   RO          954    i.EvrRtxMessageQueueRetrieved  rtx_evr.o
    0x00000fe6   0x00000fe6   0x00000002   Code   RO          955    i.EvrRtxMutexAcquire  rtx_evr.o
    0x00000fe8   0x00000fe8   0x00000002   Code   RO          956    i.EvrRtxMutexAcquirePending  rtx_evr.o
    0x00000fea   0x00000fea   0x00000002   Code   RO          957    i.EvrRtxMutexAcquireTimeout  rtx_evr.o
    0x00000fec   0x00000fec   0x00000002   Code   RO          958    i.EvrRtxMutexAcquired  rtx_evr.o
    0x00000fee   0x00000fee   0x00000002   Code   RO          959    i.EvrRtxMutexCreated  rtx_evr.o
    0x00000ff0   0x00000ff0   0x00000002   Code   RO          962    i.EvrRtxMutexError  rtx_evr.o
    0x00000ff2   0x00000ff2   0x00000002   Code   RO          965    i.EvrRtxMutexNew    rtx_evr.o
    0x00000ff4   0x00000ff4   0x00000002   Code   RO          966    i.EvrRtxMutexNotAcquired  rtx_evr.o
    0x00000ff6   0x00000ff6   0x00000002   Code   RO          967    i.EvrRtxMutexRelease  rtx_evr.o
    0x00000ff8   0x00000ff8   0x00000002   Code   RO          968    i.EvrRtxMutexReleased  rtx_evr.o
    0x00000ffa   0x00000ffa   0x00000002   Code   RO          971    i.EvrRtxSemaphoreAcquireTimeout  rtx_evr.o
    0x00000ffc   0x00000ffc   0x00000002   Code   RO          983    i.EvrRtxThreadBlocked  rtx_evr.o
    0x00000ffe   0x00000ffe   0x00000002   Code   RO          984    i.EvrRtxThreadCreated  rtx_evr.o
    0x00001000   0x00001000   0x00000002   Code   RO          986    i.EvrRtxThreadDelayCompleted  rtx_evr.o
    0x00001002   0x00001002   0x00000002   Code   RO          988    i.EvrRtxThreadDestroyed  rtx_evr.o
    0x00001004   0x00001004   0x00000002   Code   RO          992    i.EvrRtxThreadError  rtx_evr.o
    0x00001006   0x00001006   0x00000002   Code   RO          993    i.EvrRtxThreadExit  rtx_evr.o
    0x00001008   0x00001008   0x00000002   Code   RO         1000    i.EvrRtxThreadFlagsWaitCompleted  rtx_evr.o
    0x0000100a   0x0000100a   0x00000002   Code   RO         1003    i.EvrRtxThreadFlagsWaitTimeout  rtx_evr.o
    0x0000100c   0x0000100c   0x00000002   Code   RO         1013    i.EvrRtxThreadJoined  rtx_evr.o
    0x0000100e   0x0000100e   0x00000002   Code   RO         1014    i.EvrRtxThreadNew   rtx_evr.o
    0x00001010   0x00001010   0x00000002   Code   RO         1015    i.EvrRtxThreadPreempted  rtx_evr.o
    0x00001012   0x00001012   0x00000002   Code   RO         1021    i.EvrRtxThreadSwitched  rtx_evr.o
    0x00001014   0x00001014   0x00000002   Code   RO         1023    i.EvrRtxThreadUnblocked  rtx_evr.o
    0x00001016   0x00001016   0x00000002   Code   RO         1024    i.EvrRtxThreadYield  rtx_evr.o
    0x00001018   0x00001018   0x00000002   Code   RO         1025    i.EvrRtxTimerCallback  rtx_evr.o
    0x0000101a   0x0000101a   0x00000006   Code   RO          451    i.Free              uart.o
    0x00001020   0x00001020   0x00000024   Code   RO          452    i.FreeRcv           uart.o
    0x00001044   0x00001044   0x00000024   Code   RO          453    i.FreeSnd           uart.o
    0x00001068   0x00001068   0x00000018   Code   RO         1891    i.IsIrqMasked       rtx_kernel.o
    0x00001080   0x00001080   0x00000018   Code   RO         2355    i.IsIrqMasked       rtx_msgqueue.o
    0x00001098   0x00001098   0x00000018   Code   RO         2533    i.IsIrqMasked       rtx_mutex.o
    0x000010b0   0x000010b0   0x00000018   Code   RO         2822    i.IsIrqMasked       rtx_thread.o
    0x000010c8   0x000010c8   0x00000010   Code   RO         1892    i.IsIrqMode         rtx_kernel.o
    0x000010d8   0x000010d8   0x00000010   Code   RO         2356    i.IsIrqMode         rtx_msgqueue.o
    0x000010e8   0x000010e8   0x00000010   Code   RO         2534    i.IsIrqMode         rtx_mutex.o
    0x000010f8   0x000010f8   0x00000010   Code   RO         2823    i.IsIrqMode         rtx_thread.o
    0x00001108   0x00001108   0x00000024   Code   RO           93    i.LED_clear         led.o
    0x0000112c   0x0000112c   0x00000026   Code   RO           94    i.LED_display       led.o
    0x00001152   0x00001152   0x00000002   PAD
    0x00001154   0x00001154   0x00000024   Code   RO           95    i.LED_set           led.o
    0x00001178   0x00001178   0x00000028   Code   RO           96    i.LED_setup         led.o
    0x000011a0   0x000011a0   0x00000032   Code   RO          139    i.MPU9250_ReadRegs  mpu9250.o
    0x000011d2   0x000011d2   0x00000020   Code   RO          140    i.MPU9250_WriteReg  mpu9250.o
    0x000011f2   0x000011f2   0x00000002   PAD
    0x000011f4   0x000011f4   0x000000b8   Code   RO          142    i.MPU9250_calib_mag  mpu9250.o
    0x000012ac   0x000012ac   0x0000045a   Code   RO          143    i.MPU9250_calibrate  mpu9250.o
    0x00001706   0x00001706   0x00000002   PAD
    0x00001708   0x00001708   0x00000080   Code   RO          145    i.MPU9250_init      mpu9250.o
    0x00001788   0x00001788   0x00000064   Code   RO          146    i.MPU9250_read_acc  mpu9250.o
    0x000017ec   0x000017ec   0x00000064   Code   RO          148    i.MPU9250_read_gyro  mpu9250.o
    0x00001850   0x00001850   0x00000090   Code   RO          149    i.MPU9250_read_mag  mpu9250.o
    0x000018e0   0x000018e0   0x0000007c   Code   RO          151    i.MPU9250_set_acc_scale  mpu9250.o
    0x0000195c   0x0000195c   0x00000088   Code   RO          152    i.MPU9250_set_gyro_scale  mpu9250.o
    0x000019e4   0x000019e4   0x00000010   Code   RO          153    i.MPU9250_whoami    mpu9250.o
    0x000019f4   0x000019f4   0x0000000a   Code   RO         2140    i.MemBlockPtr       rtx_memory.o
    0x000019fe   0x000019fe   0x00000034   Code   RO         2357    i.MessageQueueGet   rtx_msgqueue.o
    0x00001a32   0x00001a32   0x0000004c   Code   RO         2358    i.MessageQueuePut   rtx_msgqueue.o
    0x00001a7e   0x00001a7e   0x00000022   Code   RO         2359    i.MessageQueueRemove  rtx_msgqueue.o
    0x00001aa0   0x00001aa0   0x00000008   Code   RO         3365    i.OS_Tick_AcknowledgeIRQ  os_systick.o
    0x00001aa8   0x00001aa8   0x00000030   Code   RO         3367    i.OS_Tick_Enable    os_systick.o
    0x00001ad8   0x00001ad8   0x00000006   Code   RO         3370    i.OS_Tick_GetIRQn   os_systick.o
    0x00001ade   0x00001ade   0x00000002   PAD
    0x00001ae0   0x00001ae0   0x00000050   Code   RO         3373    i.OS_Tick_Setup     os_systick.o
    0x00001b30   0x00001b30   0x00000010   Code   RO            4    i.SPI_deselect      ece_spi.o
    0x00001b40   0x00001b40   0x00000010   Code   RO            7    i.SPI_select        ece_spi.o
    0x00001b50   0x00001b50   0x00000068   Code   RO            8    i.SPI_setup         ece_spi.o
    0x00001bb8   0x00001bb8   0x00000020   Code   RO           10    i.SPI_xfer          ece_spi.o
    0x00001bd8   0x00001bd8   0x00000140   Code   RO         3480    i.SystemInit        system_lpc17xx.o
    0x00001d18   0x00001d18   0x00000056   Code   RO         2824    i.ThreadFlagsCheck  rtx_thread.o
    0x00001d6e   0x00001d6e   0x00000002   PAD
    0x00001d70   0x00001d70   0x00000040   Code   RO         3241    i.TimerInsert       rtx_timer.o
    0x00001db0   0x00001db0   0x00000018   Code   RO         3243    i.TimerUnlink       rtx_timer.o
    0x00001dc8   0x00001dc8   0x00000068   Code   RO          457    i.UART0_IRQHandler  uart.o
    0x00001e30   0x00001e30   0x00000070   Code   RO          458    i.UART1_IRQHandler  uart.o
    0x00001ea0   0x00001ea0   0x000000bc   Code   RO          459    i.UARTInit          uart.o
    0x00001f5c   0x00001f5c   0x00000024   Code   RO          463    i.UARTSendChar      uart.o
    0x00001f80   0x00001f80   0x00000020   Code   RO         3780    i.__0printf         mc_w.l(printfa.o)
    0x00001fa0   0x00001fa0   0x00000026   Code   RO         3830    i.__ARM_fpclassifyf  m_ws.l(fpclassifyf.o)
    0x00001fc6   0x00001fc6   0x0000001a   Code   RO          464    i.__NVIC_EnableIRQ  uart.o
    0x00001fe0   0x00001fe0   0x00000006   Code   RO         3833    i.__mathlib_flt_infnan  m_ws.l(funder.o)
    0x00001fe6   0x00001fe6   0x00000004   Code   RO         3834    i.__mathlib_flt_infnan2  m_ws.l(funder.o)
    0x00001fea   0x00001fea   0x00000008   Code   RO         3835    i.__mathlib_flt_invalid  m_ws.l(funder.o)
    0x00001ff2   0x00001ff2   0x0000000a   Code   RO         3838    i.__mathlib_flt_underflow  m_ws.l(funder.o)
    0x00001ffc   0x00001ffc   0x0000000e   Code   RO         3894    i.__scatterload_copy  mc_w.l(handlers.o)
    0x0000200a   0x0000200a   0x00000002   Code   RO         3895    i.__scatterload_null  mc_w.l(handlers.o)
    0x0000200c   0x0000200c   0x0000000e   Code   RO         3896    i.__scatterload_zeroinit  mc_w.l(handlers.o)
    0x0000201a   0x0000201a   0x00000002   PAD
    0x0000201c   0x0000201c   0x0000000c   Code   RO         3870    i.__set_errno       mc_w.l(errno.o)
    0x00002028   0x00002028   0x00000184   Code   RO         3787    i._fp_digits        mc_w.l(printfa.o)
    0x000021ac   0x000021ac   0x000006dc   Code   RO         3788    i._printf_core      mc_w.l(printfa.o)
    0x00002888   0x00002888   0x00000024   Code   RO         3789    i._printf_post_padding  mc_w.l(printfa.o)
    0x000028ac   0x000028ac   0x0000002e   Code   RO         3790    i._printf_pre_padding  mc_w.l(printfa.o)
    0x000028da   0x000028da   0x00000002   PAD
    0x000028dc   0x000028dc   0x00000124   Code   RO         3513    i.asinf             m_ws.l(asinf.o)
    0x00002a00   0x00002a00   0x0000025c   Code   RO         3521    i.atan2f            m_ws.l(atan2f.o)
    0x00002c5c   0x00002c5c   0x00000114   Code   RO          330    i.computeAngles     sensor_fusion.o
    0x00002d70   0x00002d70   0x0000000e   Code   RO          270    i.fputc             retarget.o
    0x00002d7e   0x00002d7e   0x00000002   PAD
    0x00002d80   0x00002d80   0x00000048   Code   RO          465    i.getFrequency      uart.o
    0x00002dc8   0x00002dc8   0x00000070   Code   RO          331    i.invSqrt           sensor_fusion.o
    0x00002e38   0x00002e38   0x00000096   Code   RO         2360    i.isrRtxMessageQueueGet  rtx_msgqueue.o
    0x00002ece   0x00002ece   0x0000009e   Code   RO         2361    i.isrRtxMessageQueuePut  rtx_msgqueue.o
    0x00002f6c   0x00002f6c   0x00000034   Code   RO         2766    i.isr_queue_get     rtx_system.o
    0x00002fa0   0x00002fa0   0x0000003c   Code   RO         2767    i.isr_queue_put     rtx_system.o
    0x00002fdc   0x00002fdc   0x00000084   Code   RO          565    i.main              main.o
    0x00003060   0x00003060   0x00000034   Code   RO         1902    i.osKernelInitialize  rtx_kernel.o
    0x00003094   0x00003094   0x00000034   Code   RO         1906    i.osKernelStart     rtx_kernel.o
    0x000030c8   0x000030c8   0x00000054   Code   RO         2363    i.osMessageQueueGet  rtx_msgqueue.o
    0x0000311c   0x0000311c   0x0000004c   Code   RO         2369    i.osMessageQueueNew  rtx_msgqueue.o
    0x00003168   0x00003168   0x00000054   Code   RO         2370    i.osMessageQueuePut  rtx_msgqueue.o
    0x000031bc   0x000031bc   0x00000044   Code   RO         2535    i.osMutexAcquire    rtx_mutex.o
    0x00003200   0x00003200   0x0000003c   Code   RO         2539    i.osMutexNew        rtx_mutex.o
    0x0000323c   0x0000323c   0x0000003c   Code   RO         2540    i.osMutexRelease    rtx_mutex.o
    0x00003278   0x00003278   0x00000020   Code   RO         3439    i.osRtxErrorNotify  rtx_config.o
    0x00003298   0x00003298   0x00000004   Code   RO         3440    i.osRtxIdleThread   rtx_config.o
    0x0000329c   0x0000329c   0x0000000c   Code   RO         2828    i.osRtxKernelGetState  rtx_thread.o
    0x000032a8   0x000032a8   0x000000ee   Code   RO         2141    i.osRtxMemoryAlloc  rtx_memory.o
    0x00003396   0x00003396   0x0000007c   Code   RO         2142    i.osRtxMemoryFree   rtx_memory.o
    0x00003412   0x00003412   0x0000006a   Code   RO         2143    i.osRtxMemoryInit   rtx_memory.o
    0x0000347c   0x0000347c   0x0000003a   Code   RO         2201    i.osRtxMemoryPoolAlloc  rtx_mempool.o
    0x000034b6   0x000034b6   0x0000004e   Code   RO         2202    i.osRtxMemoryPoolFree  rtx_mempool.o
    0x00003504   0x00003504   0x00000058   Code   RO         2203    i.osRtxMemoryPoolInit  rtx_mempool.o
    0x0000355c   0x0000355c   0x00000128   Code   RO         2372    i.osRtxMessageQueuePostProcess  rtx_msgqueue.o
    0x00003684   0x00003684   0x0000005e   Code   RO         2541    i.osRtxMutexOwnerRelease  rtx_mutex.o
    0x000036e2   0x000036e2   0x00000002   PAD
    0x000036e4   0x000036e4   0x00000084   Code   RO         2768    i.osRtxPendSV_Handler  rtx_system.o
    0x00003768   0x00003768   0x0000003c   Code   RO         2769    i.osRtxPostProcess  rtx_system.o
    0x000037a4   0x000037a4   0x00000040   Code   RO         2829    i.osRtxThreadBlock  rtx_thread.o
    0x000037e4   0x000037e4   0x00000068   Code   RO         2830    i.osRtxThreadDelayInsert  rtx_thread.o
    0x0000384c   0x0000384c   0x00000074   Code   RO         2831    i.osRtxThreadDelayRemove  rtx_thread.o
    0x000038c0   0x000038c0   0x000000dc   Code   RO         2832    i.osRtxThreadDelayTick  rtx_thread.o
    0x0000399c   0x0000399c   0x00000070   Code   RO         2833    i.osRtxThreadDispatch  rtx_thread.o
    0x00003a0c   0x00003a0c   0x00000060   Code   RO         2834    i.osRtxThreadFree   rtx_thread.o
    0x00003a6c   0x00003a6c   0x0000000c   Code   RO         2835    i.osRtxThreadGetRunning  rtx_thread.o
    0x00003a78   0x00003a78   0x0000001c   Code   RO         2836    i.osRtxThreadListGet  rtx_thread.o
    0x00003a94   0x00003a94   0x00000032   Code   RO         2837    i.osRtxThreadListPut  rtx_thread.o
    0x00003ac6   0x00003ac6   0x0000001a   Code   RO         2838    i.osRtxThreadListRemove  rtx_thread.o
    0x00003ae0   0x00003ae0   0x00000012   Code   RO         2839    i.osRtxThreadListRoot  rtx_thread.o
    0x00003af2   0x00003af2   0x0000002a   Code   RO         2840    i.osRtxThreadListSort  rtx_thread.o
    0x00003b1c   0x00003b1c   0x00000040   Code   RO         2842    i.osRtxThreadPostProcess  rtx_thread.o
    0x00003b5c   0x00003b5c   0x00000018   Code   RO         2843    i.osRtxThreadReadyPut  rtx_thread.o
    0x00003b74   0x00003b74   0x0000000e   Code   RO         2844    i.osRtxThreadRegPtr  rtx_thread.o
    0x00003b82   0x00003b82   0x00000002   PAD
    0x00003b84   0x00003b84   0x0000000c   Code   RO         2845    i.osRtxThreadSetRunning  rtx_thread.o
    0x00003b90   0x00003b90   0x0000002c   Code   RO         2846    i.osRtxThreadStackCheck  rtx_thread.o
    0x00003bbc   0x00003bbc   0x00000060   Code   RO         2847    i.osRtxThreadStartup  rtx_thread.o
    0x00003c1c   0x00003c1c   0x0000001c   Code   RO         2848    i.osRtxThreadSwitch  rtx_thread.o
    0x00003c38   0x00003c38   0x00000054   Code   RO         2849    i.osRtxThreadWaitEnter  rtx_thread.o
    0x00003c8c   0x00003c8c   0x00000036   Code   RO         2850    i.osRtxThreadWaitExit  rtx_thread.o
    0x00003cc2   0x00003cc2   0x00000002   PAD
    0x00003cc4   0x00003cc4   0x000000a0   Code   RO         2770    i.osRtxTick_Handler  rtx_system.o
    0x00003d64   0x00003d64   0x00000058   Code   RO         3244    i.osRtxTimerThread  rtx_timer.o
    0x00003dbc   0x00003dbc   0x0000005c   Code   RO         3245    i.osRtxTimerTick    rtx_timer.o
    0x00003e18   0x00003e18   0x00000020   Code   RO         2853    i.osThreadExit      rtx_thread.o
    0x00003e38   0x00003e38   0x0000004c   Code   RO         2866    i.osThreadNew       rtx_thread.o
    0x00003e84   0x00003e84   0x00000038   Code   RO         2871    i.osThreadYield     rtx_thread.o
    0x00003ebc   0x00003ebc   0x0000002c   Code   RO          566    i.readIMU           main.o
    0x00003ee8   0x00003ee8   0x00000078   Code   RO          567    i.sendData          main.o
    0x00003f60   0x00003f60   0x00000044   Code   RO          272    i.sendchar          retarget.o
    0x00003fa4   0x00003fa4   0x00000080   Code   RO          568    i.sensorFusion      main.o
    0x00004024   0x00004024   0x00000018   Code   RO          332    i.sensor_fusion_begin  sensor_fusion.o
    0x0000403c   0x0000403c   0x00000024   Code   RO          333    i.sensor_fusion_getPitch  sensor_fusion.o
    0x00004060   0x00004060   0x00000024   Code   RO          335    i.sensor_fusion_getRoll  sensor_fusion.o
    0x00004084   0x00004084   0x00000030   Code   RO          337    i.sensor_fusion_getYaw  sensor_fusion.o
    0x000040b4   0x000040b4   0x0000006c   Code   RO          339    i.sensor_fusion_init  sensor_fusion.o
    0x00004120   0x00004120   0x00000760   Code   RO          340    i.sensor_fusion_update  sensor_fusion.o
    0x00004880   0x00004880   0x00000468   Code   RO          341    i.sensor_fusion_updateIMU  sensor_fusion.o
    0x00004ce8   0x00004ce8   0x0000002c   Code   RO         3529    i.sqrtf             m_ws.l(sqrtf.o)
    0x00004d14   0x00004d14   0x00000264   Code   RO         1915    i.svcRtxKernelInitialize  rtx_kernel.o
    0x00004f78   0x00004f78   0x000000e8   Code   RO         1919    i.svcRtxKernelStart  rtx_kernel.o
    0x00005060   0x00005060   0x00000158   Code   RO         2374    i.svcRtxMessageQueueGet  rtx_msgqueue.o
    0x000051b8   0x000051b8   0x00000198   Code   RO         2380    i.svcRtxMessageQueueNew  rtx_msgqueue.o
    0x00005350   0x00005350   0x00000140   Code   RO         2381    i.svcRtxMessageQueuePut  rtx_msgqueue.o
    0x00005490   0x00005490   0x00000120   Code   RO         2542    i.svcRtxMutexAcquire  rtx_mutex.o
    0x000055b0   0x000055b0   0x000000b0   Code   RO         2546    i.svcRtxMutexNew    rtx_mutex.o
    0x00005660   0x00005660   0x0000011c   Code   RO         2547    i.svcRtxMutexRelease  rtx_mutex.o
    0x0000577c   0x0000577c   0x00000094   Code   RO         2874    i.svcRtxThreadExit  rtx_thread.o
    0x00005810   0x00005810   0x00000274   Code   RO         2887    i.svcRtxThreadNew   rtx_thread.o
    0x00005a84   0x00005a84   0x00000048   Code   RO         2892    i.svcRtxThreadYield  rtx_thread.o
    0x00005acc   0x00005acc   0x00000008   Data   RO           97    .constdata          led.o
    0x00005ad4   0x00005ad4   0x00000022   Data   RO          155    .constdata          mpu9250.o
    0x00005af6   0x00005af6   0x00000002   PAD
    0x00005af8   0x00005af8   0x00000064   Data   RO         2108    .constdata          rtx_lib.o
    0x00005b5c   0x00005b5c   0x0000000b   Data   RO         1922    .conststrlit        rtx_kernel.o
    0x00005b67   0x00005b67   0x00000001   PAD
    0x00005b68   0x00005b68   0x00000068   Data   RO         2110    .rodata             rtx_lib.o
    0x00005bd0   0x00005bd0   0x00000020   Data   RO         3892    Region$$Table       anon$$obj.o


    Execution Region ER_RW (Exec base: 0x10000000, Load base: 0x00005bf0, Size: 0x00001480, Max: 0xffffffff, ABSOLUTE, COMPRESSED[0x00000040])

    Exec Addr    Load Addr    Size         Type   Attr      Idx    E Section Name        Object

    0x10000000   COMPRESSED   0x00001040   Data   RW         2103    .bss.os             rtx_lib.o
    0x10001040   COMPRESSED   0x00000034   Data   RW         2104    .bss.os.msgqueue.cb  rtx_lib.o
    0x10001074   COMPRESSED   0x00000050   Data   RW         2105    .bss.os.msgqueue.mem  rtx_lib.o
    0x100010c4   COMPRESSED   0x00000088   Data   RW         2106    .bss.os.thread.cb   rtx_lib.o
    0x1000114c   COMPRESSED   0x00000004   PAD
    0x10001150   COMPRESSED   0x00000200   Data   RW         2107    .bss.os.thread.stack  rtx_lib.o
    0x10001350   COMPRESSED   0x00000014   Data   RW          156    .data               mpu9250.o
    0x10001364   COMPRESSED   0x0000000c   Data   RW          273    .data               retarget.o
    0x10001370   COMPRESSED   0x00000035   Data   RW          342    .data               sensor_fusion.o
    0x100013a5   COMPRESSED   0x00000003   PAD
    0x100013a8   COMPRESSED   0x00000020   Data   RW          467    .data               uart.o
    0x100013c8   COMPRESSED   0x00000008   Data   RW          570    .data               main.o
    0x100013d0   COMPRESSED   0x00000001   Data   RW         3374    .data               os_systick.o
    0x100013d1   COMPRESSED   0x00000003   PAD
    0x100013d4   COMPRESSED   0x00000004   Data   RW         3481    .data               system_lpc17xx.o
    0x100013d8   COMPRESSED   0x00000004   Data   RW         3871    .data               mc_w.l(errno.o)
    0x100013dc   COMPRESSED   0x000000a4   Data   RW         1923    .data.os            rtx_kernel.o


    Execution Region ER_ZI (Exec base: 0x10001480, Load base: 0x00005c30, Size: 0x000020d8, Max: 0xffffffff, ABSOLUTE)

    Exec Addr    Load Addr    Size         Type   Attr      Idx    E Section Name        Object

    0x10001480        -       0x00000054   Zero   RW          154    .bss                mpu9250.o
    0x100014d4        -       0x00000080   Zero   RW          466    .bss                uart.o
    0x10001554   0x00005c30   0x00000004   PAD
    0x10001558        -       0x00002000   Zero   RW         3466    STACK               startup_lpc17xx.o


==============================================================================

Image component sizes


      Code (inc. data)   RO Data    RW Data    ZI Data      Debug   Object Name

       168         30          0          0          0      22827   ece_spi.o
       148         10          0          0          0        564   irq_cm3.o
       150         26          8          0          0       2114   led.o
       424         74          0          8          0       5690   main.o
      2164         90         34         20         84       9502   mpu9250.o
       142         24          0          1          0       2380   os_systick.o
        82          4          0         12          0       2734   retarget.o
        36          6          0          0          0        901   rtx_config.o
         0          0          0          0          0      13323   rtx_delay.o
       106          0          0          0          0      30109   rtx_evr.o
       988         34         11        164          0      18590   rtx_kernel.o
         0          0        204       4940          0       8503   rtx_lib.o
       478          0          0          0          0       4099   rtx_memory.o
       564          0          0          0          0       3907   rtx_mempool.o
      2462         34          0          0          0      21752   rtx_msgqueue.o
      1070         28          0          0          0      10232   rtx_mutex.o
       804         40          0          0          0       9721   rtx_system.o
      2798        138          0          0          0      28610   rtx_thread.o
       268         28          0          0          0       3259   rtx_timer.o
      3656        248          0         53          0       7228   sensor_fusion.o
        40         12        204          0       8192        940   startup_lpc17xx.o
       320         18          0          4          0        755   system_lpc17xx.o
       616         86          0         32        128      32027   uart.o

    ----------------------------------------------------------------------
     17502        930        496       5244       8408     239767   Object Totals
         0          0         32          0          0          0   (incl. Generated)
        18          0          3         10          4          0   (incl. Padding)

    ----------------------------------------------------------------------

      Code (inc. data)   RO Data    RW Data    ZI Data      Debug   Library Member Name

       292         38          0          0          0        120   asinf.o
       604         76          0          0          0        116   atan2f.o
        38          0          0          0          0         68   fpclassifyf.o
        28          0          0          0          0        272   funder.o
        44          0          0          0          0         80   sqrtf.o
        58          0          0          0          0          0   __dczerorl.o
         0          0          0          0          0          0   entry.o
         0          0          0          0          0          0   entry10a.o
         0          0          0          0          0          0   entry11a.o
         8          4          0          0          0          0   entry2.o
         4          0          0          0          0          0   entry5.o
         0          0          0          0          0          0   entry7b.o
         0          0          0          0          0          0   entry8b.o
         8          4          0          0          0          0   entry9a.o
        12          6          0          4          0         68   errno.o
        30          0          0          0          0          0   handlers.o
        36          8          0          0          0         68   init.o
         0          0          0          0          0          0   iusefp.o
        30          0          0          0          0         68   llshl.o
        36          0          0          0          0         68   llsshr.o
        32          0          0          0          0         68   llushr.o
        36          0          0          0          0         68   memcpya.o
        36          0          0          0          0        108   memseta.o
      2258         90          0          0          0        452   printfa.o
        44          0          0          0          0         80   uidiv.o
        98          0          0          0          0         92   uldiv.o
        48          0          0          0          0         68   cdrcmple.o
        20          0          0          0          0         68   cfcmple.o
        20          0          0          0          0         68   cfrcmple.o
       334          0          0          0          0        148   dadd.o
       222          0          0          0          0        100   ddiv.o
       186          0          0          0          0        176   depilogue.o
        48          0          0          0          0         68   dfixul.o
       228          0          0          0          0         96   dmul.o
        38          0          0          0          0         68   f2d.o
       176          0          0          0          0        140   fadd.o
       124          0          0          0          0         88   fdiv.o
       110          0          0          0          0        168   fepilogue.o
        18          0          0          0          0         68   fflti.o
        10          0          0          0          0         68   ffltui.o
       100          0          0          0          0         76   fmul.o
        24          0          0          0          0         68   fscalb.o
        94          0          0          0          0         96   fsqrt.o

    ----------------------------------------------------------------------
      5538        226          0          4          0       3428   Library Totals
         6          0          0          0          0          0   (incl. Padding)

    ----------------------------------------------------------------------

      Code (inc. data)   RO Data    RW Data    ZI Data      Debug   Library Name

      1006        114          0          0          0        656   m_ws.l
      2726        112          0          4          0       1140   mc_w.l
      1800          0          0          0          0       1632   mf_w.l

    ----------------------------------------------------------------------
      5538        226          0          4          0       3428   Library Totals

    ----------------------------------------------------------------------

==============================================================================


      Code (inc. data)   RO Data    RW Data    ZI Data      Debug   

     23040       1156        496       5248       8408     231987   Grand Totals
     23040       1156        496         64       8408     231987   ELF Image Totals (compressed)
     23040       1156        496         64          0          0   ROM Totals

==============================================================================

    Total RO  Size (Code + RO Data)                23536 (  22.98kB)
    Total RW  Size (RW Data + ZI Data)             13656 (  13.34kB)
    Total ROM Size (Code + RO Data + RW Data)      23600 (  23.05kB)

==============================================================================

